Component: Arm Compiler for Embedded 6.23 Tool: armlink [5f102400]

==============================================================================

Section Cross References

    startup_stm32f412cx.o(STACK) refers (Special) to heapauxi.o(.text) for __use_two_region_memory
    startup_stm32f412cx.o(HEAP) refers (Special) to heapauxi.o(.text) for __use_two_region_memory
    startup_stm32f412cx.o(RESET) refers (Special) to heapauxi.o(.text) for __use_two_region_memory
    startup_stm32f412cx.o(RESET) refers to startup_stm32f412cx.o(STACK) for __initial_sp
    startup_stm32f412cx.o(RESET) refers to startup_stm32f412cx.o(.text) for Reset_Handler
    startup_stm32f412cx.o(RESET) refers to stm32f4xx_it.o(.text.NMI_Handler) for NMI_Handler
    startup_stm32f412cx.o(RESET) refers to stm32f4xx_it.o(.text.HardFault_Handler) for HardFault_Handler
    startup_stm32f412cx.o(RESET) refers to stm32f4xx_it.o(.text.MemManage_Handler) for MemManage_Handler
    startup_stm32f412cx.o(RESET) refers to stm32f4xx_it.o(.text.BusFault_Handler) for BusFault_Handler
    startup_stm32f412cx.o(RESET) refers to stm32f4xx_it.o(.text.UsageFault_Handler) for UsageFault_Handler
    startup_stm32f412cx.o(RESET) refers to stm32f4xx_it.o(.text.SVC_Handler) for SVC_Handler
    startup_stm32f412cx.o(RESET) refers to stm32f4xx_it.o(.text.DebugMon_Handler) for DebugMon_Handler
    startup_stm32f412cx.o(RESET) refers to stm32f4xx_it.o(.text.PendSV_Handler) for PendSV_Handler
    startup_stm32f412cx.o(RESET) refers to stm32f4xx_it.o(.text.SysTick_Handler) for SysTick_Handler
    startup_stm32f412cx.o(RESET) refers to stm32f4xx_it.o(.text.EXTI0_IRQHandler) for EXTI0_IRQHandler
    startup_stm32f412cx.o(RESET) refers to stm32f4xx_it.o(.text.EXTI1_IRQHandler) for EXTI1_IRQHandler
    startup_stm32f412cx.o(RESET) refers to stm32f4xx_it.o(.text.EXTI2_IRQHandler) for EXTI2_IRQHandler
    startup_stm32f412cx.o(RESET) refers to stm32f4xx_it.o(.text.CAN1_RX0_IRQHandler) for CAN1_RX0_IRQHandler
    startup_stm32f412cx.o(RESET) refers to stm32f4xx_it.o(.text.TIM1_UP_TIM10_IRQHandler) for TIM1_UP_TIM10_IRQHandler
    startup_stm32f412cx.o(RESET) refers to stm32f4xx_it.o(.text.CAN2_RX0_IRQHandler) for CAN2_RX0_IRQHandler
    startup_stm32f412cx.o(.text) refers (Special) to heapauxi.o(.text) for __use_two_region_memory
    startup_stm32f412cx.o(.text) refers to system_stm32f4xx.o(.text.SystemInit) for SystemInit
    startup_stm32f412cx.o(.text) refers to __main.o(!!!main) for __main
    startup_stm32f412cx.o(.text) refers to startup_stm32f412cx.o(HEAP) for Heap_Mem
    startup_stm32f412cx.o(.text) refers to startup_stm32f412cx.o(STACK) for Stack_Mem
    main.o(.text.main) refers to stm32f4xx_hal.o(.text.HAL_Init) for HAL_Init
    main.o(.text.main) refers to main.o(.text.SystemClock_Config) for SystemClock_Config
    main.o(.text.main) refers to gpio.o(.text.MX_GPIO_Init) for MX_GPIO_Init
    main.o(.text.main) refers to tim.o(.text.MX_TIM1_Init) for MX_TIM1_Init
    main.o(.text.main) refers to adc.o(.text.MX_ADC1_Init) for MX_ADC1_Init
    main.o(.text.main) refers to can.o(.text.MX_CAN1_Init) for MX_CAN1_Init
    main.o(.text.main) refers to can.o(.text.MX_CAN2_Init) for MX_CAN2_Init
    main.o(.text.main) refers to i2c.o(.text.MX_I2C1_Init) for MX_I2C1_Init
    main.o(.text.main) refers to i2c.o(.text.MX_I2C2_Init) for MX_I2C2_Init
    main.o(.text.main) refers to motor_app.o(.text.MotorApp_Init) for MotorApp_Init
    main.o(.text.main) refers to motor_app.o(.text.MotorApp_Loop) for MotorApp_Loop
    main.o(.ARM.exidx.text.main) refers to main.o(.text.main) for [Anonymous Symbol]
    main.o(.text.SystemClock_Config) refers to rt_memclr_w.o(.text) for __aeabi_memclr4
    main.o(.text.SystemClock_Config) refers to stm32f4xx_hal_rcc_ex.o(.text.HAL_RCC_OscConfig) for HAL_RCC_OscConfig
    main.o(.text.SystemClock_Config) refers to stm32f4xx_hal_rcc.o(.text.HAL_RCC_ClockConfig) for HAL_RCC_ClockConfig
    main.o(.ARM.exidx.text.SystemClock_Config) refers to main.o(.text.SystemClock_Config) for [Anonymous Symbol]
    main.o(.ARM.exidx.text.Error_Handler) refers to main.o(.text.Error_Handler) for [Anonymous Symbol]
    main.o(.text.HAL_CAN_RxFifo0MsgPendingCallback) refers to motor_app.o(.text.MotorApp_CAN_RxCallback) for MotorApp_CAN_RxCallback
    main.o(.ARM.exidx.text.HAL_CAN_RxFifo0MsgPendingCallback) refers to main.o(.text.HAL_CAN_RxFifo0MsgPendingCallback) for [Anonymous Symbol]
    gpio.o(.text.MX_GPIO_Init) refers to stm32f4xx_hal_gpio.o(.text.HAL_GPIO_Init) for HAL_GPIO_Init
    gpio.o(.text.MX_GPIO_Init) refers to stm32f4xx_hal_cortex.o(.text.HAL_NVIC_SetPriority) for HAL_NVIC_SetPriority
    gpio.o(.text.MX_GPIO_Init) refers to stm32f4xx_hal_cortex.o(.text.HAL_NVIC_EnableIRQ) for HAL_NVIC_EnableIRQ
    gpio.o(.ARM.exidx.text.MX_GPIO_Init) refers to gpio.o(.text.MX_GPIO_Init) for [Anonymous Symbol]
    adc.o(.text.MX_ADC1_Init) refers to adc.o(.bss.hadc1) for hadc1
[...]
    .ARM.Collect$$rtexit$$00000004           0x08000288   Section        6  rtexit2.o(.ARM.Collect$$rtexit$$00000004)
    $v0                                      0x08000290   Number         0  startup_stm32f412cx.o(.text)
    .text                                    0x08000290   Section       64  startup_stm32f412cx.o(.text)
    .text                                    0x080002d0   Section      240  lludivv7m.o(.text)
    .text                                    0x080003c0   Section       78  rt_memclr_w.o(.text)
    .text                                    0x0800040e   Section        0  heapauxi.o(.text)
    .text                                    0x08000414   Section        0  _rserrno.o(.text)
    .text                                    0x0800042c   Section        8  rt_errno_addr_intlibspace.o(.text)
    .text                                    0x08000434   Section        8  libspace.o(.text)
    .text                                    0x0800043c   Section       74  sys_stackheap_outer.o(.text)
    .text                                    0x08000486   Section        0  exit.o(.text)
    .text                                    0x08000498   Section        0  sys_exit.o(.text)
    .text                                    0x080004a4   Section        2  use_no_semi.o(.text)
    .text                                    0x080004a6   Section        0  indicate_semi.o(.text)
    [Anonymous Symbol]                       0x080004a8   Section        0  as5600.o(.text.AS5600_Init)
    [Anonymous Symbol]                       0x080004dc   Section        0  as5600.o(.text.AS5600_ReadAll)
    [Anonymous Symbol]                       0x080005f0   Section        0  bldc.o(.text.BLDC_Brake)
    [Anonymous Symbol]                       0x0800064c   Section        0  bldc.o(.text.BLDC_Commutate)
    [Anonymous Symbol]                       0x080006e0   Section        0  bldc.o(.text.BLDC_ControlLoop)
    [Anonymous Symbol]                       0x08000714   Section        0  bldc.o(.text.BLDC_DriveStep)
    [Anonymous Symbol]                       0x080007e8   Section        0  bldc.o(.text.BLDC_Init)
    [Anonymous Symbol]                       0x080007f8   Section        0  bldc.o(.text.BLDC_SetDirection)
    [Anonymous Symbol]                       0x080007fc   Section        0  bldc.o(.text.BLDC_SetDuty)
    [Anonymous Symbol]                       0x0800080c   Section        0  bldc.o(.text.BLDC_Start)
    [Anonymous Symbol]                       0x08000844   Section        0  bldc.o(.text.BLDC_Stop)
    [Anonymous Symbol]                       0x080008b0   Section        0  stm32f4xx_it.o(.text.BusFault_Handler)
    [Anonymous Symbol]                       0x080008b4   Section        0  stm32f4xx_it.o(.text.CAN1_RX0_IRQHandler)
    [Anonymous Symbol]                       0x080008d0   Section        0  stm32f4xx_it.o(.text.CAN2_RX0_IRQHandler)
    [Anonymous Symbol]                       0x080008ec   Section        0  can_comm.o(.text.CAN_Comm_ConfigFilter)
    [Anonymous Symbol]                       0x08000920   Section        0  can_comm.o(.text.CAN_Comm_Init)
    [Anonymous Symbol]                       0x0800094c   Section        0  can_comm.o(.text.CAN_ProcessRx)
    [Anonymous Symbol]                       0x0800096c   Section        0  can_comm.o(.text.CAN_RxCallback)
    [Anonymous Symbol]                       0x0800098c   Section        0  can_comm.o(.text.CAN_SendFaultInfo)
    [Anonymous Symbol]                       0x080009f4   Section        0  can_comm.o(.text.CAN_SendMotorStatus)
    [Anonymous Symbol]                       0x08000a64   Section        0  can_comm.o(.text.CAN_SendPowerData)
    [Anonymous Symbol]                       0x08000b00   Section        0  can_comm.o(.text.CAN_SendTempEncoder)
    [Anonymous Symbol]                       0x08000b7c   Section        0  stm32f4xx_it.o(.text.DebugMon_Handler)
    [Anonymous Symbol]                       0x08000b80   Section        0  debug_monitor.o(.text.DebugMonitor_Update)
    [Anonymous Symbol]                       0x08000c14   Section        0  stm32f4xx_it.o(.text.EXTI0_IRQHandler)
    [Anonymous Symbol]                       0x08000c28   Section        0  stm32f4xx_it.o(.text.EXTI1_IRQHandler)
    [Anonymous Symbol]                       0x08000c3c   Section        0  stm32f4xx_it.o(.text.EXTI2_IRQHandler)
    [Anonymous Symbol]                       0x08000c50   Section        0  main.o(.text.Error_Handler)
    [Anonymous Symbol]                       0x08000c58   Section        0  stm32f4xx_hal_adc.o(.text.HAL_ADC_ConfigChannel)
    [Anonymous Symbol]                       0x08000d94   Section        0  stm32f4xx_hal_adc.o(.text.HAL_ADC_GetValue)
    [Anonymous Symbol]                       0x08000d9c   Section        0  stm32f4xx_hal_adc.o(.text.HAL_ADC_Init)
    [Anonymous Symbol]                       0x08000ef8   Section        0  adc.o(.text.HAL_ADC_MspInit)
    [Anonymous Symbol]                       0x08000f64   Section        0  stm32f4xx_hal_adc.o(.text.HAL_ADC_PollForConversion)
    [Anonymous Symbol]                       0x08001064   Section        0  stm32f4xx_hal_adc.o(.text.HAL_ADC_Start)
    [Anonymous Symbol]                       0x08001174   Section        0  stm32f4xx_hal_adc.o(.text.HAL_ADC_Stop)
    [Anonymous Symbol]                       0x080011a8   Section        0  stm32f4xx_hal_can.o(.text.HAL_CAN_ActivateNotification)
    [Anonymous Symbol]                       0x080011d8   Section        0  stm32f4xx_hal_can.o(.text.HAL_CAN_AddTxMessage)
    [Anonymous Symbol]                       0x0800127c   Section        0  stm32f4xx_hal_can.o(.text.HAL_CAN_ConfigFilter)
    [Anonymous Symbol]                       0x0800135c   Section        0  stm32f4xx_hal_can.o(.text.HAL_CAN_ErrorCallback)
    [Anonymous Symbol]                       0x08001360   Section        0  stm32f4xx_hal_can.o(.text.HAL_CAN_GetRxMessage)
    [Anonymous Symbol]                       0x08001490   Section        0  stm32f4xx_hal_can.o(.text.HAL_CAN_GetTxMailboxesFreeLevel)
    [Anonymous Symbol]                       0x080014b8   Section        0  stm32f4xx_hal_can.o(.text.HAL_CAN_IRQHandler)
    [Anonymous Symbol]                       0x08001718   Section        0  stm32f4xx_hal_can.o(.text.HAL_CAN_Init)
    [Anonymous Symbol]                       0x0800180c   Section        0  can.o(.text.HAL_CAN_MspInit)
    [Anonymous Symbol]                       0x0800192c   Section        0  stm32f4xx_hal_can.o(.text.HAL_CAN_RxFifo0FullCallback)
    [Anonymous Symbol]                       0x08001930   Section        0  main.o(.text.HAL_CAN_RxFifo0MsgPendingCallback)
    [Anonymous Symbol]                       0x08001934   Section        0  stm32f4xx_hal_can.o(.text.HAL_CAN_RxFifo1FullCallback)
    [Anonymous Symbol]                       0x08001938   Section        0  stm32f4xx_hal_can.o(.text.HAL_CAN_RxFifo1MsgPendingCallback)
    [Anonymous Symbol]                       0x0800193c   Section        0  stm32f4xx_hal_can.o(.text.HAL_CAN_SleepCallback)
    [Anonymous Symbol]                       0x08001940   Section        0  stm32f4xx_hal_can.o(.text.HAL_CAN_Start)
    [Anonymous Symbol]                       0x0800199c   Section        0  stm32f4xx_hal_can.o(.text.HAL_CAN_TxMailbox0AbortCallback)
    [Anonymous Symbol]                       0x080019a0   Section        0  stm32f4xx_hal_can.o(.text.HAL_CAN_TxMailbox0CompleteCallback)
    [Anonymous Symbol]                       0x080019a4   Section        0  stm32f4xx_hal_can.o(.text.HAL_CAN_TxMailbox1AbortCallback)
    [Anonymous Symbol]                       0x080019a8   Section        0  stm32f4xx_hal_can.o(.text.HAL_CAN_TxMailbox1CompleteCallback)
    [Anonymous Symbol]                       0x080019ac   Section        0  stm32f4xx_hal_can.o(.text.HAL_CAN_TxMailbox2AbortCallback)
    [Anonymous Symbol]                       0x080019b0   Section        0  stm32f4xx_hal_can.o(.text.HAL_CAN_TxMailbox2CompleteCallback)
    [Anonymous Symbol]                       0x080019b4   Section        0  stm32f4xx_hal_can.o(.text.HAL_CAN_WakeUpFromRxMsgCallback)
    [Anonymous Symbol]                       0x080019b8   Section        0  stm32f4xx_hal.o(.text.HAL_Delay)
    [Anonymous Symbol]                       0x080019e0   Section        0  stm32f4xx_hal_gpio.o(.text.HAL_GPIO_EXTI_Callback)
    [Anonymous Symbol]                       0x080019e4   Section        0  stm32f4xx_hal_gpio.o(.text.HAL_GPIO_EXTI_IRQHandler)
    [Anonymous Symbol]                       0x080019fc   Section        0  stm32f4xx_hal_gpio.o(.text.HAL_GPIO_Init)
    [Anonymous Symbol]                       0x08001ba8   Section        0  stm32f4xx_hal_gpio.o(.text.HAL_GPIO_ReadPin)
    [Anonymous Symbol]                       0x08001bb4   Section        0  stm32f4xx_hal.o(.text.HAL_GetTick)
    [Anonymous Symbol]                       0x08001bc0   Section        0  stm32f4xx_hal_i2c.o(.text.HAL_I2C_Init)
    [Anonymous Symbol]                       0x08001d24   Section        0  stm32f4xx_hal_i2c.o(.text.HAL_I2C_Mem_Read)
    [Anonymous Symbol]                       0x08001f7c   Section        0  stm32f4xx_hal_i2c.o(.text.HAL_I2C_Mem_Write)
    [Anonymous Symbol]                       0x080020d8   Section        0  i2c.o(.text.HAL_I2C_MspInit)
    [Anonymous Symbol]                       0x080021d0   Section        0  stm32f4xx_hal.o(.text.HAL_IncTick)
    [Anonymous Symbol]                       0x080021ec   Section        0  stm32f4xx_hal.o(.text.HAL_Init)
    [Anonymous Symbol]                       0x08002224   Section        0  stm32f4xx_hal.o(.text.HAL_InitTick)
    [Anonymous Symbol]                       0x0800226c   Section        0  stm32f4xx_hal_msp.o(.text.HAL_MspInit)
    [Anonymous Symbol]                       0x080022a4   Section        0  stm32f4xx_hal_cortex.o(.text.HAL_NVIC_EnableIRQ)
    [Anonymous Symbol]                       0x080022c8   Section        0  stm32f4xx_hal_cortex.o(.text.HAL_NVIC_SetPriority)
    [Anonymous Symbol]                       0x08002320   Section        0  stm32f4xx_hal_cortex.o(.text.HAL_NVIC_SetPriorityGrouping)
    [Anonymous Symbol]                       0x08002340   Section        0  stm32f4xx_hal_rcc.o(.text.HAL_RCC_ClockConfig)
    [Anonymous Symbol]                       0x080024a4   Section        0  stm32f4xx_hal_rcc.o(.text.HAL_RCC_GetPCLK1Freq)
    [Anonymous Symbol]                       0x080024cc   Section        0  stm32f4xx_hal_rcc.o(.text.HAL_RCC_GetSysClockFreq)
    [Anonymous Symbol]                       0x0800253c   Section        0  stm32f4xx_hal_rcc_ex.o(.text.HAL_RCC_OscConfig)
    [Anonymous Symbol]                       0x08002900   Section        0  stm32f4xx_hal_cortex.o(.text.HAL_SYSTICK_Config)
    [Anonymous Symbol]                       0x0800292c   Section        0  stm32f4xx_hal_tim_ex.o(.text.HAL_TIMEx_BreakCallback)
    [Anonymous Symbol]                       0x08002930   Section        0  stm32f4xx_hal_tim_ex.o(.text.HAL_TIMEx_CommutCallback)
    [Anonymous Symbol]                       0x08002934   Section        0  stm32f4xx_hal_tim_ex.o(.text.HAL_TIMEx_ConfigBreakDeadTime)
    [Anonymous Symbol]                       0x08002980   Section        0  stm32f4xx_hal_tim_ex.o(.text.HAL_TIMEx_MasterConfigSynchronization)
    [Anonymous Symbol]                       0x08002a3c   Section        0  stm32f4xx_hal_tim_ex.o(.text.HAL_TIMEx_PWMN_Start)
    [Anonymous Symbol]                       0x08002b3c   Section        0  stm32f4xx_hal_tim_ex.o(.text.HAL_TIMEx_PWMN_Stop)
    [Anonymous Symbol]                       0x08002bd0   Section        0  stm32f4xx_hal_tim.o(.text.HAL_TIM_Base_Init)
    [Anonymous Symbol]                       0x08002c2c   Section        0  tim.o(.text.HAL_TIM_Base_MspInit)
    [Anonymous Symbol]                       0x08002c74   Section        0  stm32f4xx_hal_tim.o(.text.HAL_TIM_ConfigClockSource)
    [Anonymous Symbol]                       0x08002e14   Section        0  stm32f4xx_hal_tim.o(.text.HAL_TIM_IC_CaptureCallback)
    [Anonymous Symbol]                       0x08002e18   Section        0  stm32f4xx_hal_tim.o(.text.HAL_TIM_IRQHandler)
    [Anonymous Symbol]                       0x08002f68   Section        0  stm32f4xx_hal_tim.o(.text.HAL_TIM_OC_DelayElapsedCallback)
    [Anonymous Symbol]                       0x08002f6c   Section        0  stm32f4xx_hal_tim.o(.text.HAL_TIM_PWM_ConfigChannel)
    [Anonymous Symbol]                       0x0800318c   Section        0  stm32f4xx_hal_tim.o(.text.HAL_TIM_PWM_Init)
    [Anonymous Symbol]                       0x080031e8   Section        0  stm32f4xx_hal_tim.o(.text.HAL_TIM_PWM_MspInit)
    [Anonymous Symbol]                       0x080031ec   Section        0  stm32f4xx_hal_tim.o(.text.HAL_TIM_PWM_PulseFinishedCallback)
    [Anonymous Symbol]                       0x080031f0   Section        0  stm32f4xx_hal_tim.o(.text.HAL_TIM_PWM_Start)
    [Anonymous Symbol]                       0x08003300   Section        0  stm32f4xx_hal_tim.o(.text.HAL_TIM_PWM_Stop)
    [Anonymous Symbol]                       0x080033ac   Section        0  stm32f4xx_hal_tim.o(.text.HAL_TIM_PeriodElapsedCallback)
    [Anonymous Symbol]                       0x080033b0   Section        0  stm32f4xx_hal_tim.o(.text.HAL_TIM_TriggerCallback)
    [Anonymous Symbol]                       0x080033b4   Section        0  hall_sensor.o(.text.Hall_IsValid)
    [Anonymous Symbol]                       0x080033c8   Section        0  hall_sensor.o(.text.Hall_Read)
    [Anonymous Symbol]                       0x08003408   Section        0  stm32f4xx_it.o(.text.HardFault_Handler)
    I2C_RequestMemoryRead                    0x0800340d   Thumb Code   274  stm32f4xx_hal_i2c.o(.text.I2C_RequestMemoryRead)
    [Anonymous Symbol]                       0x0800340c   Section        0  stm32f4xx_hal_i2c.o(.text.I2C_RequestMemoryRead)
    I2C_RequestMemoryWrite                   0x08003521   Thumb Code   200  stm32f4xx_hal_i2c.o(.text.I2C_RequestMemoryWrite)
    [Anonymous Symbol]                       0x08003520   Section        0  stm32f4xx_hal_i2c.o(.text.I2C_RequestMemoryWrite)
    I2C_WaitOnBTFFlagUntilTimeout            0x080035e9   Thumb Code   186  stm32f4xx_hal_i2c.o(.text.I2C_WaitOnBTFFlagUntilTimeout)
    [Anonymous Symbol]                       0x080035e8   Section        0  stm32f4xx_hal_i2c.o(.text.I2C_WaitOnBTFFlagUntilTimeout)
    I2C_WaitOnFlagUntilTimeout               0x080036a5   Thumb Code   458  stm32f4xx_hal_i2c.o(.text.I2C_WaitOnFlagUntilTimeout)
    [Anonymous Symbol]                       0x080036a4   Section        0  stm32f4xx_hal_i2c.o(.text.I2C_WaitOnFlagUntilTimeout)
    I2C_WaitOnMasterAddressFlagUntilTimeout  0x08003871   Thumb Code   214  stm32f4xx_hal_i2c.o(.text.I2C_WaitOnMasterAddressFlagUntilTimeout)
    [Anonymous Symbol]                       0x08003870   Section        0  stm32f4xx_hal_i2c.o(.text.I2C_WaitOnMasterAddressFlagUntilTimeout)
    I2C_WaitOnRXNEFlagUntilTimeout           0x08003949   Thumb Code   144  stm32f4xx_hal_i2c.o(.text.I2C_WaitOnRXNEFlagUntilTimeout)
    [Anonymous Symbol]                       0x08003948   Section        0  stm32f4xx_hal_i2c.o(.text.I2C_WaitOnRXNEFlagUntilTimeout)
    I2C_WaitOnTXEFlagUntilTimeout            0x080039d9   Thumb Code   186  stm32f4xx_hal_i2c.o(.text.I2C_WaitOnTXEFlagUntilTimeout)
    [Anonymous Symbol]                       0x080039d8   Section        0  stm32f4xx_hal_i2c.o(.text.I2C_WaitOnTXEFlagUntilTimeout)
    [Anonymous Symbol]                       0x08003a94   Section        0  ina226.o(.text.INA226_Init)
    [Anonymous Symbol]                       0x08003b1c   Section        0  ina226.o(.text.INA226_ReadAll)
    [Anonymous Symbol]                       0x08003c6c   Section        0  adc.o(.text.MX_ADC1_Init)
    [Anonymous Symbol]                       0x08003cd8   Section        0  can.o(.text.MX_CAN1_Init)
    [Anonymous Symbol]                       0x08003d18   Section        0  can.o(.text.MX_CAN2_Init)
    [Anonymous Symbol]                       0x08003d58   Section        0  gpio.o(.text.MX_GPIO_Init)
    [Anonymous Symbol]                       0x08003dfc   Section        0  i2c.o(.text.MX_I2C1_Init)
    [Anonymous Symbol]                       0x08003e40   Section        0  i2c.o(.text.MX_I2C2_Init)
    [Anonymous Symbol]                       0x08003e84   Section        0  tim.o(.text.MX_TIM1_Init)
    [Anonymous Symbol]                       0x08004038   Section        0  stm32f4xx_it.o(.text.MemManage_Handler)
    [Anonymous Symbol]                       0x0800403c   Section        0  motor_app.o(.text.MotorApp_12KHz_ISR)
    [Anonymous Symbol]                       0x08004048   Section        0  motor_app.o(.text.MotorApp_CAN_RxCallback)
    [Anonymous Symbol]                       0x0800407c   Section        0  motor_app.o(.text.MotorApp_FaultCheck)
    [Anonymous Symbol]                       0x0800416c   Section        0  motor_app.o(.text.MotorApp_Hall_EXTI_Callback)
    [Anonymous Symbol]                       0x080041b4   Section        0  motor_app.o(.text.MotorApp_Init)
    [Anonymous Symbol]                       0x08004264   Section        0  motor_app.o(.text.MotorApp_Loop)
    [Anonymous Symbol]                       0x0800438c   Section        0  motor_app.o(.text.MotorApp_ProcessCANCommand)
    [Anonymous Symbol]                       0x080044d8   Section        0  stm32f4xx_it.o(.text.NMI_Handler)
    [Anonymous Symbol]                       0x080044dc   Section        0  ntc_temp.o(.text.NTC_ReadAll)
    [Anonymous Symbol]                       0x080045fc   Section        0  ntc_temp.o(.text.NTC_ReadTemperature)
    [Anonymous Symbol]                       0x08004618   Section        0  stm32f4xx_it.o(.text.PendSV_Handler)
    [Anonymous Symbol]                       0x0800461c   Section        0  stm32f4xx_it.o(.text.SVC_Handler)
    [Anonymous Symbol]                       0x08004620   Section        0  stm32f4xx_it.o(.text.SysTick_Handler)
    [Anonymous Symbol]                       0x08004624   Section        0  main.o(.text.SystemClock_Config)
    [Anonymous Symbol]                       0x080046cc   Section        0  system_stm32f4xx.o(.text.SystemInit)
    [Anonymous Symbol]                       0x080046e0   Section        0  stm32f4xx_it.o(.text.TIM1_UP_TIM10_IRQHandler)
    [Anonymous Symbol]                       0x080046f8   Section        0  stm32f4xx_hal_tim.o(.text.TIM_Base_SetConfig)
    [Anonymous Symbol]                       0x08004834   Section        0  stm32f4xx_it.o(.text.UsageFault_Handler)
    [Anonymous Symbol]                       0x08004838   Section        0  main.o(.text.main)
    i.__hardfp_logf                          0x08004868   Section        0  logf.o(i.__hardfp_logf)
    i.__mathlib_flt_divzero                  0x080049d4   Section        0  funder.o(i.__mathlib_flt_divzero)
    i.__mathlib_flt_infnan                   0x080049e8   Section        0  funder.o(i.__mathlib_flt_infnan)
    i.__mathlib_flt_invalid                  0x080049f0   Section        0  funder.o(i.__mathlib_flt_invalid)
    $v0                                      0x08004a00   Number         0  fpinit.o(x$fpl$fpinit)
    x$fpl$fpinit                             0x08004a00   Section       26  fpinit.o(x$fpl$fpinit)
    x$fpl$usenofp                            0x08004a1a   Section        0  usenofp.o(x$fpl$usenofp)
    logahi                                   0x08004a1c   Data          32  logf.o(.constdata)
    .constdata                               0x08004a1c   Section       64  logf.o(.constdata)
    logalo                                   0x08004a3c   Data          32  logf.o(.constdata)
    .L_MergedGlobals                         0x20000000   Data           8  stm32f4xx_hal.o(.data..L_MergedGlobals)
    [Anonymous Symbol]                       0x20000000   Section        0  stm32f4xx_hal.o(.data..L_MergedGlobals)
    .bss                                     0x20000010   Section       96  libspace.o(.bss)
    HAL_RCC_CAN1_CLK_ENABLED                 0x20000070   Data           4  can.o(.bss.HAL_RCC_CAN1_CLK_ENABLED)
    [Anonymous Symbol]                       0x20000070   Section        0  can.o(.bss.HAL_RCC_CAN1_CLK_ENABLED)
    Heap_Mem                                 0x20000388   Data         512  startup_stm32f412cx.o(HEAP)
    HEAP                                     0x20000388   Section      512  startup_stm32f412cx.o(HEAP)
    Stack_Mem                                0x20000588   Data        1024  startup_stm32f412cx.o(STACK)
    STACK                                    0x20000588   Section     1024  startup_stm32f412cx.o(STACK)
    __initial_sp                             0x20000988   Data           0  startup_stm32f412cx.o(STACK)

    Global Symbols

    Symbol Name                              Value     Ov Type        Size  Object(Section)

    BuildAttributes$$THM_ISAv4$E$P$D$K$B$S$7EM$VFPi3$EXTD16$VFPS$VFMA$PE$A:L22UL41UL21$X:L11$S22US41US21$IEEE1$IW$~IW$USESV6$~STKCKD$USESV7$~SHL$OTIME$ROPI$IEEEX$EBA8$UX$STANDARDLIB$REQ8$PRES8$EABIv2 0x00000000   Number         0  anon$$obj.o ABSOLUTE
    __ARM_exceptions_init                     - Undefined Weak Reference
    __alloca_initialize                       - Undefined Weak Reference
    __arm_preinit_                            - Undefined Weak Reference
    __arm_relocate_pie_                       - Undefined Weak Reference
    __cpp_initialize__aeabi_                  - Undefined Weak Reference
    __cxa_finalize                            - Undefined Weak Reference
    __rt_locale                               - Undefined Weak Reference
    __sigvec_lookup                           - Undefined Weak Reference
    _atexit_init                              - Undefined Weak Reference
    _call_atexit_fns                          - Undefined Weak Reference
    _clock_init                               - Undefined Weak Reference
    _fp_trap_init                             - Undefined Weak Reference
    _fp_trap_shutdown                         - Undefined Weak Reference
    _get_lc_collate                           - Undefined Weak Reference
    _get_lc_ctype                             - Undefined Weak Reference
    _get_lc_monetary                          - Undefined Weak Reference
    _get_lc_numeric                           - Undefined Weak Reference
    _get_lc_time                              - Undefined Weak Reference
    _getenv_init                              - Undefined Weak Reference
    _handle_redirection                       - Undefined Weak Reference
    _init_alloc                               - Undefined Weak Reference
    _init_user_alloc                          - Undefined Weak Reference
    _initio                                   - Undefined Weak Reference
    _rand_init                                - Undefined Weak Reference
    _signal_finish                            - Undefined Weak Reference
    _signal_init                              - Undefined Weak Reference
    _terminate_alloc                          - Undefined Weak Reference
    _terminate_user_alloc                     - Undefined Weak Reference
    _terminateio                              - Undefined Weak Reference
    __Vectors_Size                           0x000001c4   Number         0  startup_stm32f412cx.o ABSOLUTE
    __Vectors                                0x08000000   Data           4  startup_stm32f412cx.o(RESET)
    __Vectors_End                            0x080001c4   Data           0  startup_stm32f412cx.o(RESET)
    __main                                   0x080001c5   Thumb Code     8  __main.o(!!!main)
    __scatterload                            0x080001cd   Thumb Code     0  __scatter.o(!!!scatter)
    __scatterload_rt2                        0x080001cd   Thumb Code    84  __scatter.o(!!!scatter)
    __scatterload_rt2_thumb_only             0x080001cd   Thumb Code     0  __scatter.o(!!!scatter)
    __scatterload_loop                       0x080001d7   Thumb Code     0  __scatter.o(!!!scatter)
    __scatterload_copy                       0x08000229   Thumb Code    26  __scatter_copy.o(!!handler_copy)
    __scatterload_null                       0x08000245   Thumb Code     2  __scatter.o(!!handler_null)
    __scatterload_zeroinit                   0x08000249   Thumb Code    28  __scatter_zi.o(!!handler_zi)
    __rt_lib_init                            0x08000265   Thumb Code     0  libinit.o(.ARM.Collect$$libinit$$00000000)
    __rt_lib_init_fp_1                       0x08000267   Thumb Code     0  libinit2.o(.ARM.Collect$$libinit$$00000001)
    __rt_lib_init_alloca_1                   0x0800026b   Thumb Code     0  libinit2.o(.ARM.Collect$$libinit$$00000030)
    __rt_lib_init_argv_1                     0x0800026b   Thumb Code     0  libinit2.o(.ARM.Collect$$libinit$$0000002E)
    __rt_lib_init_atexit_1                   0x0800026b   Thumb Code     0  libinit2.o(.ARM.Collect$$libinit$$0000001D)
    __rt_lib_init_clock_1                    0x0800026b   Thumb Code     0  libinit2.o(.ARM.Collect$$libinit$$00000023)
    __rt_lib_init_cpp_1                      0x0800026b   Thumb Code     0  libinit2.o(.ARM.Collect$$libinit$$00000034)
    __rt_lib_init_exceptions_1               0x0800026b   Thumb Code     0  libinit2.o(.ARM.Collect$$libinit$$00000032)
    __rt_lib_init_fp_trap_1                  0x0800026b   Thumb Code     0  libinit2.o(.ARM.Collect$$libinit$$00000021)
    __rt_lib_init_getenv_1                   0x0800026b   Thumb Code     0  libinit2.o(.ARM.Collect$$libinit$$00000025)
    __rt_lib_init_heap_1                     0x0800026b   Thumb Code     0  libinit2.o(.ARM.Collect$$libinit$$0000000C)
    __rt_lib_init_lc_collate_1               0x0800026b   Thumb Code     0  libinit2.o(.ARM.Collect$$libinit$$00000013)
    __rt_lib_init_lc_ctype_1                 0x0800026b   Thumb Code     0  libinit2.o(.ARM.Collect$$libinit$$00000015)
    __rt_lib_init_lc_monetary_1              0x0800026b   Thumb Code     0  libinit2.o(.ARM.Collect$$libinit$$00000017)
    __rt_lib_init_lc_numeric_1               0x0800026b   Thumb Code     0  libinit2.o(.ARM.Collect$$libinit$$00000019)
    __rt_lib_init_lc_time_1                  0x0800026b   Thumb Code     0  libinit2.o(.ARM.Collect$$libinit$$0000001B)
    __rt_lib_init_preinit_1                  0x0800026b   Thumb Code     0  libinit2.o(.ARM.Collect$$libinit$$00000006)
    __rt_lib_init_rand_1                     0x0800026b   Thumb Code     0  libinit2.o(.ARM.Collect$$libinit$$00000010)
    __rt_lib_init_relocate_pie_1             0x0800026b   Thumb Code     0  libinit2.o(.ARM.Collect$$libinit$$00000004)
    __rt_lib_init_return                     0x0800026b   Thumb Code     0  libinit2.o(.ARM.Collect$$libinit$$00000035)
    __rt_lib_init_signal_1                   0x0800026b   Thumb Code     0  libinit2.o(.ARM.Collect$$libinit$$0000001F)
    __rt_lib_init_stdio_1                    0x0800026b   Thumb Code     0  libinit2.o(.ARM.Collect$$libinit$$00000027)
    __rt_lib_init_user_alloc_1               0x0800026b   Thumb Code     0  libinit2.o(.ARM.Collect$$libinit$$0000000E)
    __rt_lib_shutdown                        0x0800026d   Thumb Code     0  libshutdown.o(.ARM.Collect$$libshutdown$$00000000)
    __rt_lib_shutdown_cpp_1                  0x0800026f   Thumb Code     0  libshutdown2.o(.ARM.Collect$$libshutdown$$00000002)
    __rt_lib_shutdown_fp_trap_1              0x0800026f   Thumb Code     0  libshutdown2.o(.ARM.Collect$$libshutdown$$00000007)
    __rt_lib_shutdown_heap_1                 0x0800026f   Thumb Code     0  libshutdown2.o(.ARM.Collect$$libshutdown$$0000000F)
    __rt_lib_shutdown_return                 0x0800026f   Thumb Code     0  libshutdown2.o(.ARM.Collect$$libshutdown$$00000010)
    __rt_lib_shutdown_signal_1               0x0800026f   Thumb Code     0  libshutdown2.o(.ARM.Collect$$libshutdown$$0000000A)
    __rt_lib_shutdown_stdio_1                0x0800026f   Thumb Code     0  libshutdown2.o(.ARM.Collect$$libshutdown$$00000004)
    __rt_lib_shutdown_user_alloc_1           0x0800026f   Thumb Code     0  libshutdown2.o(.ARM.Collect$$libshutdown$$0000000C)
    __rt_entry                               0x08000271   Thumb Code     0  __rtentry.o(.ARM.Collect$$rtentry$$00000000)
    __rt_entry_presh_1                       0x08000271   Thumb Code     0  __rtentry2.o(.ARM.Collect$$rtentry$$00000002)
    __rt_entry_sh                            0x08000271   Thumb Code     0  __rtentry4.o(.ARM.Collect$$rtentry$$00000004)
    __rt_entry_li                            0x08000277   Thumb Code     0  __rtentry2.o(.ARM.Collect$$rtentry$$0000000A)
    __rt_entry_postsh_1                      0x08000277   Thumb Code     0  __rtentry2.o(.ARM.Collect$$rtentry$$00000009)
    __rt_entry_main                          0x0800027b   Thumb Code     0  __rtentry2.o(.ARM.Collect$$rtentry$$0000000D)
    __rt_entry_postli_1                      0x0800027b   Thumb Code     0  __rtentry2.o(.ARM.Collect$$rtentry$$0000000C)
    __rt_exit                                0x08000283   Thumb Code     0  rtexit.o(.ARM.Collect$$rtexit$$00000000)
    __rt_exit_ls                             0x08000285   Thumb Code     0  rtexit2.o(.ARM.Collect$$rtexit$$00000003)
    __rt_exit_prels_1                        0x08000285   Thumb Code     0  rtexit2.o(.ARM.Collect$$rtexit$$00000002)
    __rt_exit_exit                           0x08000289   Thumb Code     0  rtexit2.o(.ARM.Collect$$rtexit$$00000004)
    Reset_Handler                            0x08000291   Thumb Code     8  startup_stm32f412cx.o(.text)
    ADC_IRQHandler                           0x080002ab   Thumb Code     0  startup_stm32f412cx.o(.text)
    CAN1_RX1_IRQHandler                      0x080002ab   Thumb Code     0  startup_stm32f412cx.o(.text)
    CAN1_SCE_IRQHandler                      0x080002ab   Thumb Code     0  startup_stm32f412cx.o(.text)
    CAN1_TX_IRQHandler                       0x080002ab   Thumb Code     0  startup_stm32f412cx.o(.text)
    CAN2_RX1_IRQHandler                      0x080002ab   Thumb Code     0  startup_stm32f412cx.o(.text)
    CAN2_SCE_IRQHandler                      0x080002ab   Thumb Code     0  startup_stm32f412cx.o(.text)
    CAN2_TX_IRQHandler                       0x080002ab   Thumb Code     0  startup_stm32f412cx.o(.text)
    DFSDM1_FLT0_IRQHandler                   0x080002ab   Thumb Code     0  startup_stm32f412cx.o(.text)
    DFSDM1_FLT1_IRQHandler                   0x080002ab   Thumb Code     0  startup_stm32f412cx.o(.text)
    DMA1_Stream0_IRQHandler                  0x080002ab   Thumb Code     0  startup_stm32f412cx.o(.text)
    DMA1_Stream1_IRQHandler                  0x080002ab   Thumb Code     0  startup_stm32f412cx.o(.text)
    DMA1_Stream2_IRQHandler                  0x080002ab   Thumb Code     0  startup_stm32f412cx.o(.text)
    DMA1_Stream3_IRQHandler                  0x080002ab   Thumb Code     0  startup_stm32f412cx.o(.text)
    DMA1_Stream4_IRQHandler                  0x080002ab   Thumb Code     0  startup_stm32f412cx.o(.text)
    DMA1_Stream5_IRQHandler                  0x080002ab   Thumb Code     0  startup_stm32f412cx.o(.text)
    DMA1_Stream6_IRQHandler                  0x080002ab   Thumb Code     0  startup_stm32f412cx.o(.text)
    DMA1_Stream7_IRQHandler                  0x080002ab   Thumb Code     0  startup_stm32f412cx.o(.text)
    DMA2_Stream0_IRQHandler                  0x080002ab   Thumb Code     0  startup_stm32f412cx.o(.text)
    DMA2_Stream1_IRQHandler                  0x080002ab   Thumb Code     0  startup_stm32f412cx.o(.text)
    DMA2_Stream2_IRQHandler                  0x080002ab   Thumb Code     0  startup_stm32f412cx.o(.text)
    DMA2_Stream3_IRQHandler                  0x080002ab   Thumb Code     0  startup_stm32f412cx.o(.text)
    DMA2_Stream4_IRQHandler                  0x080002ab   Thumb Code     0  startup_stm32f412cx.o(.text)
    DMA2_Stream5_IRQHandler                  0x080002ab   Thumb Code     0  startup_stm32f412cx.o(.text)
    DMA2_Stream6_IRQHandler                  0x080002ab   Thumb Code     0  startup_stm32f412cx.o(.text)
    DMA2_Stream7_IRQHandler                  0x080002ab   Thumb Code     0  startup_stm32f412cx.o(.text)
    EXTI15_10_IRQHandler                     0x080002ab   Thumb Code     0  startup_stm32f412cx.o(.text)
    EXTI3_IRQHandler                         0x080002ab   Thumb Code     0  startup_stm32f412cx.o(.text)
    EXTI4_IRQHandler                         0x080002ab   Thumb Code     0  startup_stm32f412cx.o(.text)
    EXTI9_5_IRQHandler                       0x080002ab   Thumb Code     0  startup_stm32f412cx.o(.text)
    FLASH_IRQHandler                         0x080002ab   Thumb Code     0  startup_stm32f412cx.o(.text)
    FMPI2C1_ER_IRQHandler                    0x080002ab   Thumb Code     0  startup_stm32f412cx.o(.text)
    FMPI2C1_EV_IRQHandler                    0x080002ab   Thumb Code     0  startup_stm32f412cx.o(.text)
    FPU_IRQHandler                           0x080002ab   Thumb Code     0  startup_stm32f412cx.o(.text)
    I2C1_ER_IRQHandler                       0x080002ab   Thumb Code     0  startup_stm32f412cx.o(.text)
    I2C1_EV_IRQHandler                       0x080002ab   Thumb Code     0  startup_stm32f412cx.o(.text)
    I2C2_ER_IRQHandler                       0x080002ab   Thumb Code     0  startup_stm32f412cx.o(.text)
    I2C2_EV_IRQHandler                       0x080002ab   Thumb Code     0  startup_stm32f412cx.o(.text)
    I2C3_ER_IRQHandler                       0x080002ab   Thumb Code     0  startup_stm32f412cx.o(.text)
    I2C3_EV_IRQHandler                       0x080002ab   Thumb Code     0  startup_stm32f412cx.o(.text)
    OTG_FS_IRQHandler                        0x080002ab   Thumb Code     0  startup_stm32f412cx.o(.text)
    OTG_FS_WKUP_IRQHandler                   0x080002ab   Thumb Code     0  startup_stm32f412cx.o(.text)
    PVD_IRQHandler                           0x080002ab   Thumb Code     0  startup_stm32f412cx.o(.text)
    RCC_IRQHandler                           0x080002ab   Thumb Code     0  startup_stm32f412cx.o(.text)
    RNG_IRQHandler                           0x080002ab   Thumb Code     0  startup_stm32f412cx.o(.text)
    RTC_Alarm_IRQHandler                     0x080002ab   Thumb Code     0  startup_stm32f412cx.o(.text)
    RTC_WKUP_IRQHandler                      0x080002ab   Thumb Code     0  startup_stm32f412cx.o(.text)
    SDIO_IRQHandler                          0x080002ab   Thumb Code     0  startup_stm32f412cx.o(.text)
    SPI1_IRQHandler                          0x080002ab   Thumb Code     0  startup_stm32f412cx.o(.text)
    SPI2_IRQHandler                          0x080002ab   Thumb Code     0  startup_stm32f412cx.o(.text)
    SPI3_IRQHandler                          0x080002ab   Thumb Code     0  startup_stm32f412cx.o(.text)
    SPI4_IRQHandler                          0x080002ab   Thumb Code     0  startup_stm32f412cx.o(.text)
    SPI5_IRQHandler                          0x080002ab   Thumb Code     0  startup_stm32f412cx.o(.text)
    TAMP_STAMP_IRQHandler                    0x080002ab   Thumb Code     0  startup_stm32f412cx.o(.text)
    TIM1_BRK_TIM9_IRQHandler                 0x080002ab   Thumb Code     0  startup_stm32f412cx.o(.text)
    TIM1_CC_IRQHandler                       0x080002ab   Thumb Code     0  startup_stm32f412cx.o(.text)
    TIM1_TRG_COM_TIM11_IRQHandler            0x080002ab   Thumb Code     0  startup_stm32f412cx.o(.text)
    TIM2_IRQHandler                          0x080002ab   Thumb Code     0  startup_stm32f412cx.o(.text)
    TIM3_IRQHandler                          0x080002ab   Thumb Code     0  startup_stm32f412cx.o(.text)
    TIM4_IRQHandler                          0x080002ab   Thumb Code     0  startup_stm32f412cx.o(.text)
    TIM5_IRQHandler                          0x080002ab   Thumb Code     0  startup_stm32f412cx.o(.text)
    TIM6_IRQHandler                          0x080002ab   Thumb Code     0  startup_stm32f412cx.o(.text)
    TIM7_IRQHandler                          0x080002ab   Thumb Code     0  startup_stm32f412cx.o(.text)
    TIM8_BRK_TIM12_IRQHandler                0x080002ab   Thumb Code     0  startup_stm32f412cx.o(.text)
    TIM8_CC_IRQHandler                       0x080002ab   Thumb Code     0  startup_stm32f412cx.o(.text)
    TIM8_TRG_COM_TIM14_IRQHandler            0x080002ab   Thumb Code     0  startup_stm32f412cx.o(.text)
    TIM8_UP_TIM13_IRQHandler                 0x080002ab   Thumb Code     0  startup_stm32f412cx.o(.text)
    USART1_IRQHandler                        0x080002ab   Thumb Code     0  startup_stm32f412cx.o(.text)
    USART2_IRQHandler                        0x080002ab   Thumb Code     0  startup_stm32f412cx.o(.text)
    USART6_IRQHandler                        0x080002ab   Thumb Code     0  startup_stm32f412cx.o(.text)
    WWDG_IRQHandler                          0x080002ab   Thumb Code     0  startup_stm32f412cx.o(.text)
    __user_initial_stackheap                 0x080002ad   Thumb Code     0  startup_stm32f412cx.o(.text)
    __aeabi_uldivmod                         0x080002d1   Thumb Code     0  lludivv7m.o(.text)
    _ll_udiv                                 0x080002d1   Thumb Code   240  lludivv7m.o(.text)
    __aeabi_memclr4                          0x080003c1   Thumb Code     0  rt_memclr_w.o(.text)
    __aeabi_memclr8                          0x080003c1   Thumb Code     0  rt_memclr_w.o(.text)
    __rt_memclr_w                            0x080003c1   Thumb Code     0  rt_memclr_w.o(.text)
    _memset_w                                0x080003c5   Thumb Code    74  rt_memclr_w.o(.text)
    __use_two_region_memory                  0x0800040f   Thumb Code     2  heapauxi.o(.text)
    __rt_heap_escrow$2region                 0x08000411   Thumb Code     2  heapauxi.o(.text)
    __rt_heap_expand$2region                 0x08000413   Thumb Code     2  heapauxi.o(.text)
    __read_errno                             0x08000415   Thumb Code    10  _rserrno.o(.text)
    __set_errno                              0x0800041f   Thumb Code    12  _rserrno.o(.text)
    __aeabi_errno_addr                       0x0800042d   Thumb Code     8  rt_errno_addr_intlibspace.o(.text)
    __errno$intlibspace                      0x0800042d   Thumb Code     0  rt_errno_addr_intlibspace.o(.text)
    __rt_errno_addr$intlibspace              0x0800042d   Thumb Code     0  rt_errno_addr_intlibspace.o(.text)
    __user_libspace                          0x08000435   Thumb Code     8  libspace.o(.text)
    __user_perproc_libspace                  0x08000435   Thumb Code     0  libspace.o(.text)
    __user_perthread_libspace                0x08000435   Thumb Code     0  libspace.o(.text)
    __user_setup_stackheap                   0x0800043d   Thumb Code    74  sys_stackheap_outer.o(.text)
    exit                                     0x08000487   Thumb Code    18  exit.o(.text)
    _sys_exit                                0x08000499   Thumb Code     8  sys_exit.o(.text)
    __I$use$semihosting                      0x080004a5   Thumb Code     0  use_no_semi.o(.text)
    __use_no_semihosting_swi                 0x080004a5   Thumb Code     2  use_no_semi.o(.text)
    __semihosting_library_function           0x080004a7   Thumb Code     0  indicate_semi.o(.text)
    AS5600_Init                              0x080004a9   Thumb Code    50  as5600.o(.text.AS5600_Init)
    AS5600_ReadAll                           0x080004dd   Thumb Code   264  as5600.o(.text.AS5600_ReadAll)
    BLDC_Brake                               0x080005f1   Thumb Code    92  bldc.o(.text.BLDC_Brake)
    BLDC_Commutate                           0x0800064d   Thumb Code   148  bldc.o(.text.BLDC_Commutate)
    BLDC_ControlLoop                         0x080006e1   Thumb Code    50  bldc.o(.text.BLDC_ControlLoop)
    BLDC_DriveStep                           0x08000715   Thumb Code   212  bldc.o(.text.BLDC_DriveStep)
    BLDC_Init                                0x080007e9   Thumb Code    16  bldc.o(.text.BLDC_Init)
    BLDC_SetDirection                        0x080007f9   Thumb Code     4  bldc.o(.text.BLDC_SetDirection)
    BLDC_SetDuty                             0x080007fd   Thumb Code    14  bldc.o(.text.BLDC_SetDuty)
    BLDC_Start                               0x0800080d   Thumb Code    54  bldc.o(.text.BLDC_Start)
    BLDC_Stop                                0x08000845   Thumb Code   108  bldc.o(.text.BLDC_Stop)
    BusFault_Handler                         0x080008b1   Thumb Code     2  stm32f4xx_it.o(.text.BusFault_Handler)
    CAN1_RX0_IRQHandler                      0x080008b5   Thumb Code    26  stm32f4xx_it.o(.text.CAN1_RX0_IRQHandler)
    CAN2_RX0_IRQHandler                      0x080008d1   Thumb Code    26  stm32f4xx_it.o(.text.CAN2_RX0_IRQHandler)
    CAN_Comm_ConfigFilter                    0x080008ed   Thumb Code    50  can_comm.o(.text.CAN_Comm_ConfigFilter)
    CAN_Comm_Init                            0x08000921   Thumb Code    44  can_comm.o(.text.CAN_Comm_Init)
    CAN_ProcessRx                            0x0800094d   Thumb Code    30  can_comm.o(.text.CAN_ProcessRx)
    CAN_RxCallback                           0x0800096d   Thumb Code    32  can_comm.o(.text.CAN_RxCallback)
    CAN_SendFaultInfo                        0x0800098d   Thumb Code   104  can_comm.o(.text.CAN_SendFaultInfo)
    CAN_SendMotorStatus                      0x080009f5   Thumb Code   112  can_comm.o(.text.CAN_SendMotorStatus)
    CAN_SendPowerData                        0x08000a65   Thumb Code   156  can_comm.o(.text.CAN_SendPowerData)
    CAN_SendTempEncoder                      0x08000b01   Thumb Code   124  can_comm.o(.text.CAN_SendTempEncoder)
    DebugMon_Handler                         0x08000b7d   Thumb Code     2  stm32f4xx_it.o(.text.DebugMon_Handler)
    DebugMonitor_Update                      0x08000b81   Thumb Code   148  debug_monitor.o(.text.DebugMonitor_Update)
    EXTI0_IRQHandler                         0x08000c15   Thumb Code    18  stm32f4xx_it.o(.text.EXTI0_IRQHandler)
    EXTI1_IRQHandler                         0x08000c29   Thumb Code    18  stm32f4xx_it.o(.text.EXTI1_IRQHandler)
    EXTI2_IRQHandler                         0x08000c3d   Thumb Code    18  stm32f4xx_it.o(.text.EXTI2_IRQHandler)
    Error_Handler                            0x08000c51   Thumb Code     6  main.o(.text.Error_Handler)
    HAL_ADC_ConfigChannel                    0x08000c59   Thumb Code   316  stm32f4xx_hal_adc.o(.text.HAL_ADC_ConfigChannel)
    HAL_ADC_GetValue                         0x08000d95   Thumb Code     6  stm32f4xx_hal_adc.o(.text.HAL_ADC_GetValue)
    HAL_ADC_Init                             0x08000d9d   Thumb Code   348  stm32f4xx_hal_adc.o(.text.HAL_ADC_Init)
    HAL_ADC_MspInit                          0x08000ef9   Thumb Code   108  adc.o(.text.HAL_ADC_MspInit)
    HAL_ADC_PollForConversion                0x08000f65   Thumb Code   254  stm32f4xx_hal_adc.o(.text.HAL_ADC_PollForConversion)
    HAL_ADC_Start                            0x08001065   Thumb Code   270  stm32f4xx_hal_adc.o(.text.HAL_ADC_Start)
    HAL_ADC_Stop                             0x08001175   Thumb Code    50  stm32f4xx_hal_adc.o(.text.HAL_ADC_Stop)
    HAL_CAN_ActivateNotification             0x080011a9   Thumb Code    46  stm32f4xx_hal_can.o(.text.HAL_CAN_ActivateNotification)
    HAL_CAN_AddTxMessage                     0x080011d9   Thumb Code   164  stm32f4xx_hal_can.o(.text.HAL_CAN_AddTxMessage)
    HAL_CAN_ConfigFilter                     0x0800127d   Thumb Code   222  stm32f4xx_hal_can.o(.text.HAL_CAN_ConfigFilter)
    HAL_CAN_ErrorCallback                    0x0800135d   Thumb Code     2  stm32f4xx_hal_can.o(.text.HAL_CAN_ErrorCallback)
    HAL_CAN_GetRxMessage                     0x08001361   Thumb Code   302  stm32f4xx_hal_can.o(.text.HAL_CAN_GetRxMessage)
    HAL_CAN_GetTxMailboxesFreeLevel          0x08001491   Thumb Code    40  stm32f4xx_hal_can.o(.text.HAL_CAN_GetTxMailboxesFreeLevel)
    HAL_CAN_IRQHandler                       0x080014b9   Thumb Code   606  stm32f4xx_hal_can.o(.text.HAL_CAN_IRQHandler)
    HAL_CAN_Init                             0x08001719   Thumb Code   244  stm32f4xx_hal_can.o(.text.HAL_CAN_Init)
    HAL_CAN_MspInit                          0x0800180d   Thumb Code   286  can.o(.text.HAL_CAN_MspInit)
    HAL_CAN_RxFifo0FullCallback              0x0800192d   Thumb Code     2  stm32f4xx_hal_can.o(.text.HAL_CAN_RxFifo0FullCallback)
    HAL_CAN_RxFifo0MsgPendingCallback        0x08001931   Thumb Code     4  main.o(.text.HAL_CAN_RxFifo0MsgPendingCallback)
    HAL_CAN_RxFifo1FullCallback              0x08001935   Thumb Code     2  stm32f4xx_hal_can.o(.text.HAL_CAN_RxFifo1FullCallback)
    HAL_CAN_RxFifo1MsgPendingCallback        0x08001939   Thumb Code     2  stm32f4xx_hal_can.o(.text.HAL_CAN_RxFifo1MsgPendingCallback)
    HAL_CAN_SleepCallback                    0x0800193d   Thumb Code     2  stm32f4xx_hal_can.o(.text.HAL_CAN_SleepCallback)
    HAL_CAN_Start                            0x08001941   Thumb Code    90  stm32f4xx_hal_can.o(.text.HAL_CAN_Start)
    HAL_CAN_TxMailbox0AbortCallback          0x0800199d   Thumb Code     2  stm32f4xx_hal_can.o(.text.HAL_CAN_TxMailbox0AbortCallback)
    HAL_CAN_TxMailbox0CompleteCallback       0x080019a1   Thumb Code     2  stm32f4xx_hal_can.o(.text.HAL_CAN_TxMailbox0CompleteCallback)
    HAL_CAN_TxMailbox1AbortCallback          0x080019a5   Thumb Code     2  stm32f4xx_hal_can.o(.text.HAL_CAN_TxMailbox1AbortCallback)
    HAL_CAN_TxMailbox1CompleteCallback       0x080019a9   Thumb Code     2  stm32f4xx_hal_can.o(.text.HAL_CAN_TxMailbox1CompleteCallback)
    HAL_CAN_TxMailbox2AbortCallback          0x080019ad   Thumb Code     2  stm32f4xx_hal_can.o(.text.HAL_CAN_TxMailbox2AbortCallback)
    HAL_CAN_TxMailbox2CompleteCallback       0x080019b1   Thumb Code     2  stm32f4xx_hal_can.o(.text.HAL_CAN_TxMailbox2CompleteCallback)
    HAL_CAN_WakeUpFromRxMsgCallback          0x080019b5   Thumb Code     2  stm32f4xx_hal_can.o(.text.HAL_CAN_WakeUpFromRxMsgCallback)
    HAL_Delay                                0x080019b9   Thumb Code    40  stm32f4xx_hal.o(.text.HAL_Delay)
    HAL_GPIO_EXTI_Callback                   0x080019e1   Thumb Code     2  stm32f4xx_hal_gpio.o(.text.HAL_GPIO_EXTI_Callback)
    HAL_GPIO_EXTI_IRQHandler                 0x080019e5   Thumb Code    22  stm32f4xx_hal_gpio.o(.text.HAL_GPIO_EXTI_IRQHandler)
    HAL_GPIO_Init                            0x080019fd   Thumb Code   426  stm32f4xx_hal_gpio.o(.text.HAL_GPIO_Init)
    HAL_GPIO_ReadPin                         0x08001ba9   Thumb Code    10  stm32f4xx_hal_gpio.o(.text.HAL_GPIO_ReadPin)
    HAL_GetTick                              0x08001bb5   Thumb Code    12  stm32f4xx_hal.o(.text.HAL_GetTick)
    HAL_I2C_Init                             0x08001bc1   Thumb Code   356  stm32f4xx_hal_i2c.o(.text.HAL_I2C_Init)
    HAL_I2C_Mem_Read                         0x08001d25   Thumb Code   600  stm32f4xx_hal_i2c.o(.text.HAL_I2C_Mem_Read)
    HAL_I2C_Mem_Write                        0x08001f7d   Thumb Code   348  stm32f4xx_hal_i2c.o(.text.HAL_I2C_Mem_Write)
    HAL_I2C_MspInit                          0x080020d9   Thumb Code   248  i2c.o(.text.HAL_I2C_MspInit)
    HAL_IncTick                              0x080021d1   Thumb Code    26  stm32f4xx_hal.o(.text.HAL_IncTick)
    HAL_Init                                 0x080021ed   Thumb Code    54  stm32f4xx_hal.o(.text.HAL_Init)
    HAL_InitTick                             0x08002225   Thumb Code    72  stm32f4xx_hal.o(.text.HAL_InitTick)
    HAL_MspInit                              0x0800226d   Thumb Code    56  stm32f4xx_hal_msp.o(.text.HAL_MspInit)
    HAL_NVIC_EnableIRQ                       0x080022a5   Thumb Code    34  stm32f4xx_hal_cortex.o(.text.HAL_NVIC_EnableIRQ)
    HAL_NVIC_SetPriority                     0x080022c9   Thumb Code    86  stm32f4xx_hal_cortex.o(.text.HAL_NVIC_SetPriority)
    HAL_NVIC_SetPriorityGrouping             0x08002321   Thumb Code    32  stm32f4xx_hal_cortex.o(.text.HAL_NVIC_SetPriorityGrouping)
    HAL_RCC_ClockConfig                      0x08002341   Thumb Code   356  stm32f4xx_hal_rcc.o(.text.HAL_RCC_ClockConfig)
    HAL_RCC_GetPCLK1Freq                     0x080024a5   Thumb Code    38  stm32f4xx_hal_rcc.o(.text.HAL_RCC_GetPCLK1Freq)
    HAL_RCC_GetSysClockFreq                  0x080024cd   Thumb Code   112  stm32f4xx_hal_rcc.o(.text.HAL_RCC_GetSysClockFreq)
    HAL_RCC_OscConfig                        0x0800253d   Thumb Code   964  stm32f4xx_hal_rcc_ex.o(.text.HAL_RCC_OscConfig)
    HAL_SYSTICK_Config                       0x08002901   Thumb Code    44  stm32f4xx_hal_cortex.o(.text.HAL_SYSTICK_Config)
    HAL_TIMEx_BreakCallback                  0x0800292d   Thumb Code     2  stm32f4xx_hal_tim_ex.o(.text.HAL_TIMEx_BreakCallback)
    HAL_TIMEx_CommutCallback                 0x08002931   Thumb Code     2  stm32f4xx_hal_tim_ex.o(.text.HAL_TIMEx_CommutCallback)
    HAL_TIMEx_ConfigBreakDeadTime            0x08002935   Thumb Code    76  stm32f4xx_hal_tim_ex.o(.text.HAL_TIMEx_ConfigBreakDeadTime)
    HAL_TIMEx_MasterConfigSynchronization    0x08002981   Thumb Code   186  stm32f4xx_hal_tim_ex.o(.text.HAL_TIMEx_MasterConfigSynchronization)
    HAL_TIMEx_PWMN_Start                     0x08002a3d   Thumb Code   254  stm32f4xx_hal_tim_ex.o(.text.HAL_TIMEx_PWMN_Start)
    HAL_TIMEx_PWMN_Stop                      0x08002b3d   Thumb Code   146  stm32f4xx_hal_tim_ex.o(.text.HAL_TIMEx_PWMN_Stop)
    HAL_TIM_Base_Init                        0x08002bd1   Thumb Code    90  stm32f4xx_hal_tim.o(.text.HAL_TIM_Base_Init)
    HAL_TIM_Base_MspInit                     0x08002c2d   Thumb Code    70  tim.o(.text.HAL_TIM_Base_MspInit)
    HAL_TIM_ConfigClockSource                0x08002c75   Thumb Code   416  stm32f4xx_hal_tim.o(.text.HAL_TIM_ConfigClockSource)
    HAL_TIM_IC_CaptureCallback               0x08002e15   Thumb Code     2  stm32f4xx_hal_tim.o(.text.HAL_TIM_IC_CaptureCallback)
    HAL_TIM_IRQHandler                       0x08002e19   Thumb Code   334  stm32f4xx_hal_tim.o(.text.HAL_TIM_IRQHandler)
    HAL_TIM_OC_DelayElapsedCallback          0x08002f69   Thumb Code     2  stm32f4xx_hal_tim.o(.text.HAL_TIM_OC_DelayElapsedCallback)
    HAL_TIM_PWM_ConfigChannel                0x08002f6d   Thumb Code   544  stm32f4xx_hal_tim.o(.text.HAL_TIM_PWM_ConfigChannel)
    HAL_TIM_PWM_Init                         0x0800318d   Thumb Code    90  stm32f4xx_hal_tim.o(.text.HAL_TIM_PWM_Init)
    HAL_TIM_PWM_MspInit                      0x080031e9   Thumb Code     2  stm32f4xx_hal_tim.o(.text.HAL_TIM_PWM_MspInit)
    HAL_TIM_PWM_PulseFinishedCallback        0x080031ed   Thumb Code     2  stm32f4xx_hal_tim.o(.text.HAL_TIM_PWM_PulseFinishedCallback)
    HAL_TIM_PWM_Start                        0x080031f1   Thumb Code   270  stm32f4xx_hal_tim.o(.text.HAL_TIM_PWM_Start)
    HAL_TIM_PWM_Stop                         0x08003301   Thumb Code   170  stm32f4xx_hal_tim.o(.text.HAL_TIM_PWM_Stop)
    HAL_TIM_PeriodElapsedCallback            0x080033ad   Thumb Code     2  stm32f4xx_hal_tim.o(.text.HAL_TIM_PeriodElapsedCallback)
    HAL_TIM_TriggerCallback                  0x080033b1   Thumb Code     2  stm32f4xx_hal_tim.o(.text.HAL_TIM_TriggerCallback)
    Hall_IsValid                             0x080033b5   Thumb Code    18  hall_sensor.o(.text.Hall_IsValid)
    Hall_Read                                0x080033c9   Thumb Code    62  hall_sensor.o(.text.Hall_Read)
    HardFault_Handler                        0x08003409   Thumb Code     2  stm32f4xx_it.o(.text.HardFault_Handler)
    INA226_Init                              0x08003a95   Thumb Code   136  ina226.o(.text.INA226_Init)
    INA226_ReadAll                           0x08003b1d   Thumb Code   316  ina226.o(.text.INA226_ReadAll)
    MX_ADC1_Init                             0x08003c6d   Thumb Code   108  adc.o(.text.MX_ADC1_Init)
    MX_CAN1_Init                             0x08003cd9   Thumb Code    64  can.o(.text.MX_CAN1_Init)
    MX_CAN2_Init                             0x08003d19   Thumb Code    64  can.o(.text.MX_CAN2_Init)
    MX_GPIO_Init                             0x08003d59   Thumb Code   162  gpio.o(.text.MX_GPIO_Init)
    MX_I2C1_Init                             0x08003dfd   Thumb Code    66  i2c.o(.text.MX_I2C1_Init)
    MX_I2C2_Init                             0x08003e41   Thumb Code    66  i2c.o(.text.MX_I2C2_Init)
    MX_TIM1_Init                             0x08003e85   Thumb Code   436  tim.o(.text.MX_TIM1_Init)
    MemManage_Handler                        0x08004039   Thumb Code     2  stm32f4xx_it.o(.text.MemManage_Handler)
    MotorApp_12KHz_ISR                       0x0800403d   Thumb Code    12  motor_app.o(.text.MotorApp_12KHz_ISR)
    MotorApp_CAN_RxCallback                  0x08004049   Thumb Code    50  motor_app.o(.text.MotorApp_CAN_RxCallback)
    MotorApp_FaultCheck                      0x0800407d   Thumb Code   232  motor_app.o(.text.MotorApp_FaultCheck)
    MotorApp_Hall_EXTI_Callback              0x0800416d   Thumb Code    70  motor_app.o(.text.MotorApp_Hall_EXTI_Callback)
    MotorApp_Init                            0x080041b5   Thumb Code   176  motor_app.o(.text.MotorApp_Init)
    MotorApp_Loop                            0x08004265   Thumb Code   296  motor_app.o(.text.MotorApp_Loop)
    MotorApp_ProcessCANCommand               0x0800438d   Thumb Code   332  motor_app.o(.text.MotorApp_ProcessCANCommand)
    NMI_Handler                              0x080044d9   Thumb Code     2  stm32f4xx_it.o(.text.NMI_Handler)
    NTC_ReadAll                              0x080044dd   Thumb Code   248  ntc_temp.o(.text.NTC_ReadAll)
    NTC_ReadTemperature                      0x080045fd   Thumb Code    28  ntc_temp.o(.text.NTC_ReadTemperature)
    PendSV_Handler                           0x08004619   Thumb Code     2  stm32f4xx_it.o(.text.PendSV_Handler)
    SVC_Handler                              0x0800461d   Thumb Code     2  stm32f4xx_it.o(.text.SVC_Handler)
    SysTick_Handler                          0x08004621   Thumb Code     4  stm32f4xx_it.o(.text.SysTick_Handler)
    SystemClock_Config                       0x08004625   Thumb Code   168  main.o(.text.SystemClock_Config)
    SystemInit                               0x080046cd   Thumb Code    18  system_stm32f4xx.o(.text.SystemInit)
    TIM1_UP_TIM10_IRQHandler                 0x080046e1   Thumb Code    22  stm32f4xx_it.o(.text.TIM1_UP_TIM10_IRQHandler)
    TIM_Base_SetConfig                       0x080046f9   Thumb Code   314  stm32f4xx_hal_tim.o(.text.TIM_Base_SetConfig)
    UsageFault_Handler                       0x08004835   Thumb Code     2  stm32f4xx_it.o(.text.UsageFault_Handler)
    main                                     0x08004839   Thumb Code    46  main.o(.text.main)
    __hardfp_logf                            0x08004869   Thumb Code   320  logf.o(i.__hardfp_logf)
    __mathlib_logf                           0x08004869   Thumb Code     0  logf.o(i.__hardfp_logf)
    __mathlib_flt_divzero                    0x080049d5   Thumb Code    14  funder.o(i.__mathlib_flt_divzero)
    __mathlib_flt_infnan                     0x080049e9   Thumb Code     6  funder.o(i.__mathlib_flt_infnan)
    __mathlib_flt_invalid                    0x080049f1   Thumb Code    10  funder.o(i.__mathlib_flt_invalid)
    _fp_init                                 0x08004a01   Thumb Code    26  fpinit.o(x$fpl$fpinit)
    __fplib_config_fpu_vfp                   0x08004a19   Thumb Code     0  fpinit.o(x$fpl$fpinit)
    __fplib_config_pureend_doubles           0x08004a19   Thumb Code     0  fpinit.o(x$fpl$fpinit)
    __I$use$fp                               0x08004a1a   Number         0  usenofp.o(x$fpl$usenofp)
    AHBPrescTable                            0x08004a5c   Data          16  system_stm32f4xx.o(.rodata.AHBPrescTable)
    APBPrescTable                            0x08004a6c   Data           8  system_stm32f4xx.o(.rodata.APBPrescTable)
    comm_table_ccw                           0x08004a74   Data           8  bldc.o(.rodata.comm_table_ccw)
    comm_table_cw                            0x08004a7c   Data           8  bldc.o(.rodata.comm_table_cw)
    Region$$Table$$Base                      0x08004a84   Number         0  anon$$obj.o(Region$$Table)
    Region$$Table$$Limit                     0x08004aa4   Number         0  anon$$obj.o(Region$$Table)
    uwTickFreq                               0x20000000   Data           1  stm32f4xx_hal.o(.data..L_MergedGlobals)
    uwTickPrio                               0x20000004   Data           4  stm32f4xx_hal.o(.data..L_MergedGlobals)
    SystemCoreClock                          0x20000008   Data           4  system_stm32f4xx.o(.data.SystemCoreClock)
    __libspace_start                         0x20000010   Data          96  libspace.o(.bss)
    __temporary_stack_top$libspace           0x20000070   Data           0  libspace.o(.bss)
    g_app                                    0x20000074   Data         320  motor_app.o(.bss.g_app)
    g_dbg                                    0x200001b4   Data          68  debug_monitor.o(.bss.g_dbg)
    hadc1                                    0x200001f8   Data          72  adc.o(.bss.hadc1)
    hcan1                                    0x20000240   Data          40  can.o(.bss.hcan1)
    hcan2                                    0x20000268   Data          40  can.o(.bss.hcan2)
    hi2c1                                    0x20000290   Data          84  i2c.o(.bss.hi2c1)
    hi2c2                                    0x200002e4   Data          84  i2c.o(.bss.hi2c2)
    htim1                                    0x20000338   Data          72  tim.o(.bss.htim1)
    uwTick                                   0x20000380   Data           4  stm32f4xx_hal.o(.bss.uwTick)



==============================================================================

Memory Map of the image

  Image Entry point : 0x080001c5

  Load Region LR_IROM1 (Base: 0x08000000, Size: 0x00004ab8, Max: 0x00080000, ABSOLUTE)

    Execution Region ER_IROM1 (Exec base: 0x08000000, Load base: 0x08000000, Size: 0x00004aa4, Max: 0x00080000, ABSOLUTE)

    Exec Addr    Load Addr    Size         Type   Attr      Idx    E Section Name        Object

    0x08000000   0x08000000   0x000001c4   Data   RO            3    RESET               startup_stm32f412cx.o
    0x080001c4   0x080001c4   0x00000008   Code   RO         1407  * !!!main             c_w.l(__main.o)
    0x080001cc   0x080001cc   0x0000005c   Code   RO         1613    !!!scatter          c_w.l(__scatter.o)
    0x08000228   0x08000228   0x0000001a   Code   RO         1617    !!handler_copy      c_w.l(__scatter_copy.o)
    0x08000242   0x08000242   0x00000002   PAD
    0x08000244   0x08000244   0x00000002   Code   RO         1614    !!handler_null      c_w.l(__scatter.o)
    0x08000246   0x08000246   0x00000002   PAD
    0x08000248   0x08000248   0x0000001c   Code   RO         1619    !!handler_zi        c_w.l(__scatter_zi.o)
    0x08000264   0x08000264   0x00000002   Code   RO         1478    .ARM.Collect$$libinit$$00000000  c_w.l(libinit.o)
    0x08000266   0x08000266   0x00000004   Code   RO         1487    .ARM.Collect$$libinit$$00000001  c_w.l(libinit2.o)
    0x0800026a   0x0800026a   0x00000000   Code   RO         1490    .ARM.Collect$$libinit$$00000004  c_w.l(libinit2.o)
    0x0800026a   0x0800026a   0x00000000   Code   RO         1492    .ARM.Collect$$libinit$$00000006  c_w.l(libinit2.o)
    0x0800026a   0x0800026a   0x00000000   Code   RO         1495    .ARM.Collect$$libinit$$0000000C  c_w.l(libinit2.o)
    0x0800026a   0x0800026a   0x00000000   Code   RO         1497    .ARM.Collect$$libinit$$0000000E  c_w.l(libinit2.o)
    0x0800026a   0x0800026a   0x00000000   Code   RO         1499    .ARM.Collect$$libinit$$00000010  c_w.l(libinit2.o)
    0x0800026a   0x0800026a   0x00000000   Code   RO         1502    .ARM.Collect$$libinit$$00000013  c_w.l(libinit2.o)
    0x0800026a   0x0800026a   0x00000000   Code   RO         1504    .ARM.Collect$$libinit$$00000015  c_w.l(libinit2.o)
    0x0800026a   0x0800026a   0x00000000   Code   RO         1506    .ARM.Collect$$libinit$$00000017  c_w.l(libinit2.o)
    0x0800026a   0x0800026a   0x00000000   Code   RO         1508    .ARM.Collect$$libinit$$00000019  c_w.l(libinit2.o)
    0x0800026a   0x0800026a   0x00000000   Code   RO         1510    .ARM.Collect$$libinit$$0000001B  c_w.l(libinit2.o)
    0x0800026a   0x0800026a   0x00000000   Code   RO         1512    .ARM.Collect$$libinit$$0000001D  c_w.l(libinit2.o)
    0x0800026a   0x0800026a   0x00000000   Code   RO         1514    .ARM.Collect$$libinit$$0000001F  c_w.l(libinit2.o)
    0x0800026a   0x0800026a   0x00000000   Code   RO         1516    .ARM.Collect$$libinit$$00000021  c_w.l(libinit2.o)
    0x0800026a   0x0800026a   0x00000000   Code   RO         1518    .ARM.Collect$$libinit$$00000023  c_w.l(libinit2.o)
    0x0800026a   0x0800026a   0x00000000   Code   RO         1520    .ARM.Collect$$libinit$$00000025  c_w.l(libinit2.o)
    0x0800026a   0x0800026a   0x00000000   Code   RO         1522    .ARM.Collect$$libinit$$00000027  c_w.l(libinit2.o)
    0x0800026a   0x0800026a   0x00000000   Code   RO         1526    .ARM.Collect$$libinit$$0000002E  c_w.l(libinit2.o)
    0x0800026a   0x0800026a   0x00000000   Code   RO         1528    .ARM.Collect$$libinit$$00000030  c_w.l(libinit2.o)
    0x0800026a   0x0800026a   0x00000000   Code   RO         1530    .ARM.Collect$$libinit$$00000032  c_w.l(libinit2.o)
    0x0800026a   0x0800026a   0x00000000   Code   RO         1532    .ARM.Collect$$libinit$$00000034  c_w.l(libinit2.o)
    0x0800026a   0x0800026a   0x00000002   Code   RO         1533    .ARM.Collect$$libinit$$00000035  c_w.l(libinit2.o)
    0x0800026c   0x0800026c   0x00000002   Code   RO         1568    .ARM.Collect$$libshutdown$$00000000  c_w.l(libshutdown.o)
    0x0800026e   0x0800026e   0x00000000   Code   RO         1596    .ARM.Collect$$libshutdown$$00000002  c_w.l(libshutdown2.o)
    0x0800026e   0x0800026e   0x00000000   Code   RO         1598    .ARM.Collect$$libshutdown$$00000004  c_w.l(libshutdown2.o)
    0x0800026e   0x0800026e   0x00000000   Code   RO         1601    .ARM.Collect$$libshutdown$$00000007  c_w.l(libshutdown2.o)
    0x0800026e   0x0800026e   0x00000000   Code   RO         1604    .ARM.Collect$$libshutdown$$0000000A  c_w.l(libshutdown2.o)
    0x0800026e   0x0800026e   0x00000000   Code   RO         1606    .ARM.Collect$$libshutdown$$0000000C  c_w.l(libshutdown2.o)
    0x0800026e   0x0800026e   0x00000000   Code   RO         1609    .ARM.Collect$$libshutdown$$0000000F  c_w.l(libshutdown2.o)
    0x0800026e   0x0800026e   0x00000002   Code   RO         1610    .ARM.Collect$$libshutdown$$00000010  c_w.l(libshutdown2.o)
    0x08000270   0x08000270   0x00000000   Code   RO         1416    .ARM.Collect$$rtentry$$00000000  c_w.l(__rtentry.o)
    0x08000270   0x08000270   0x00000000   Code   RO         1441    .ARM.Collect$$rtentry$$00000002  c_w.l(__rtentry2.o)
    0x08000270   0x08000270   0x00000006   Code   RO         1453    .ARM.Collect$$rtentry$$00000004  c_w.l(__rtentry4.o)
    0x08000276   0x08000276   0x00000000   Code   RO         1443    .ARM.Collect$$rtentry$$00000009  c_w.l(__rtentry2.o)
    0x08000276   0x08000276   0x00000004   Code   RO         1444    .ARM.Collect$$rtentry$$0000000A  c_w.l(__rtentry2.o)
    0x0800027a   0x0800027a   0x00000000   Code   RO         1446    .ARM.Collect$$rtentry$$0000000C  c_w.l(__rtentry2.o)
    0x0800027a   0x0800027a   0x00000008   Code   RO         1447    .ARM.Collect$$rtentry$$0000000D  c_w.l(__rtentry2.o)
    0x08000282   0x08000282   0x00000002   Code   RO         1479    .ARM.Collect$$rtexit$$00000000  c_w.l(rtexit.o)
    0x08000284   0x08000284   0x00000000   Code   RO         1539    .ARM.Collect$$rtexit$$00000002  c_w.l(rtexit2.o)
    0x08000284   0x08000284   0x00000004   Code   RO         1540    .ARM.Collect$$rtexit$$00000003  c_w.l(rtexit2.o)
    0x08000288   0x08000288   0x00000006   Code   RO         1541    .ARM.Collect$$rtexit$$00000004  c_w.l(rtexit2.o)
    0x0800028e   0x0800028e   0x00000002   PAD
    0x08000290   0x08000290   0x00000040   Code   RO            4    .text               startup_stm32f412cx.o
    0x080002d0   0x080002d0   0x000000f0   Code   RO         1399    .text               c_w.l(lludivv7m.o)
    0x080003c0   0x080003c0   0x0000004e   Code   RO         1403    .text               c_w.l(rt_memclr_w.o)
    0x0800040e   0x0800040e   0x00000006   Code   RO         1405    .text               c_w.l(heapauxi.o)
    0x08000414   0x08000414   0x00000016   Code   RO         1421    .text               c_w.l(_rserrno.o)
    0x0800042a   0x0800042a   0x00000002   PAD
    0x0800042c   0x0800042c   0x00000008   Code   RO         1460    .text               c_w.l(rt_errno_addr_intlibspace.o)
    0x08000434   0x08000434   0x00000008   Code   RO         1462    .text               c_w.l(libspace.o)
    0x0800043c   0x0800043c   0x0000004a   Code   RO         1465    .text               c_w.l(sys_stackheap_outer.o)
    0x08000486   0x08000486   0x00000012   Code   RO         1467    .text               c_w.l(exit.o)
    0x08000498   0x08000498   0x0000000c   Code   RO         1534    .text               c_w.l(sys_exit.o)
    0x080004a4   0x080004a4   0x00000002   Code   RO         1557    .text               c_w.l(use_no_semi.o)
    0x080004a6   0x080004a6   0x00000000   Code   RO         1559    .text               c_w.l(indicate_semi.o)
    0x080004a6   0x080004a6   0x00000002   PAD
    0x080004a8   0x080004a8   0x00000032   Code   RO         1296    .text.AS5600_Init   as5600.o
    0x080004da   0x080004da   0x00000002   PAD
    0x080004dc   0x080004dc   0x00000114   Code   RO         1302    .text.AS5600_ReadAll  as5600.o
    0x080005f0   0x080005f0   0x0000005c   Code   RO         1272    .text.BLDC_Brake    bldc.o
    0x0800064c   0x0800064c   0x00000094   Code   RO         1268    .text.BLDC_Commutate  bldc.o
    0x080006e0   0x080006e0   0x00000032   Code   RO         1284    .text.BLDC_ControlLoop  bldc.o
    0x08000712   0x08000712   0x00000002   PAD
    0x08000714   0x08000714   0x000000d4   Code   RO         1280    .text.BLDC_DriveStep  bldc.o
    0x080007e8   0x080007e8   0x00000010   Code   RO         1264    .text.BLDC_Init     bldc.o
    0x080007f8   0x080007f8   0x00000004   Code   RO         1276    .text.BLDC_SetDirection  bldc.o
    0x080007fc   0x080007fc   0x0000000e   Code   RO         1274    .text.BLDC_SetDuty  bldc.o
    0x0800080a   0x0800080a   0x00000002   PAD
    0x0800080c   0x0800080c   0x00000036   Code   RO         1266    .text.BLDC_Start    bldc.o
    0x08000842   0x08000842   0x00000002   PAD
    0x08000844   0x08000844   0x0000006c   Code   RO         1270    .text.BLDC_Stop     bldc.o
    0x080008b0   0x080008b0   0x00000002   Code   RO          110    .text.BusFault_Handler  stm32f4xx_it.o
    0x080008b2   0x080008b2   0x00000002   PAD
    0x080008b4   0x080008b4   0x0000001a   Code   RO          128    .text.CAN1_RX0_IRQHandler  stm32f4xx_it.o
    0x080008ce   0x080008ce   0x00000002   PAD
    0x080008d0   0x080008d0   0x0000001a   Code   RO          132    .text.CAN2_RX0_IRQHandler  stm32f4xx_it.o
    0x080008ea   0x080008ea   0x00000002   PAD
    0x080008ec   0x080008ec   0x00000032   Code   RO         1374    .text.CAN_Comm_ConfigFilter  can_comm.o
    0x0800091e   0x0800091e   0x00000002   PAD
    0x08000920   0x08000920   0x0000002c   Code   RO         1372    .text.CAN_Comm_Init  can_comm.o
    0x0800094c   0x0800094c   0x0000001e   Code   RO         1386    .text.CAN_ProcessRx  can_comm.o
    0x0800096a   0x0800096a   0x00000002   PAD
    0x0800096c   0x0800096c   0x00000020   Code   RO         1388    .text.CAN_RxCallback  can_comm.o
    0x0800098c   0x0800098c   0x00000068   Code   RO         1384    .text.CAN_SendFaultInfo  can_comm.o
    0x080009f4   0x080009f4   0x00000070   Code   RO         1378    .text.CAN_SendMotorStatus  can_comm.o
    0x08000a64   0x08000a64   0x0000009c   Code   RO         1380    .text.CAN_SendPowerData  can_comm.o
    0x08000b00   0x08000b00   0x0000007c   Code   RO         1382    .text.CAN_SendTempEncoder  can_comm.o
    0x08000b7c   0x08000b7c   0x00000002   Code   RO          116    .text.DebugMon_Handler  stm32f4xx_it.o
    0x08000b7e   0x08000b7e   0x00000002   PAD
    0x08000b80   0x08000b80   0x00000094   Code   RO          174    .text.DebugMonitor_Update  debug_monitor.o
    0x08000c14   0x08000c14   0x00000012   Code   RO          122    .text.EXTI0_IRQHandler  stm32f4xx_it.o
    0x08000c26   0x08000c26   0x00000002   PAD
    0x08000c28   0x08000c28   0x00000012   Code   RO          124    .text.EXTI1_IRQHandler  stm32f4xx_it.o
    0x08000c3a   0x08000c3a   0x00000002   PAD
    0x08000c3c   0x08000c3c   0x00000012   Code   RO          126    .text.EXTI2_IRQHandler  stm32f4xx_it.o
    0x08000c4e   0x08000c4e   0x00000002   PAD
    0x08000c50   0x08000c50   0x00000006   Code   RO           15    .text.Error_Handler  main.o
    0x08000c56   0x08000c56   0x00000002   PAD
    0x08000c58   0x08000c58   0x0000013c   Code   RO          225    .text.HAL_ADC_ConfigChannel  stm32f4xx_hal_adc.o
    0x08000d94   0x08000d94   0x00000006   Code   RO          221    .text.HAL_ADC_GetValue  stm32f4xx_hal_adc.o
    0x08000d9a   0x08000d9a   0x00000002   PAD
    0x08000d9c   0x08000d9c   0x0000015c   Code   RO          183    .text.HAL_ADC_Init  stm32f4xx_hal_adc.o
    0x08000ef8   0x08000ef8   0x0000006c   Code   RO           37    .text.HAL_ADC_MspInit  adc.o
    0x08000f64   0x08000f64   0x000000fe   Code   RO          195    .text.HAL_ADC_PollForConversion  stm32f4xx_hal_adc.o
    0x08001062   0x08001062   0x00000002   PAD
    0x08001064   0x08001064   0x0000010e   Code   RO          191    .text.HAL_ADC_Start  stm32f4xx_hal_adc.o
    0x08001172   0x08001172   0x00000002   PAD
    0x08001174   0x08001174   0x00000032   Code   RO          193    .text.HAL_ADC_Stop  stm32f4xx_hal_adc.o
    0x080011a6   0x080011a6   0x00000002   PAD
    0x080011a8   0x080011a8   0x0000002e   Code   RO          734    .text.HAL_CAN_ActivateNotification  stm32f4xx_hal_can.o
    0x080011d6   0x080011d6   0x00000002   PAD
    0x080011d8   0x080011d8   0x000000a4   Code   RO          720    .text.HAL_CAN_AddTxMessage  stm32f4xx_hal_can.o
    0x0800127c   0x0800127c   0x000000de   Code   RO          710    .text.HAL_CAN_ConfigFilter  stm32f4xx_hal_can.o
    0x0800135a   0x0800135a   0x00000002   PAD
    0x0800135c   0x0800135c   0x00000002   Code   RO          764    .text.HAL_CAN_ErrorCallback  stm32f4xx_hal_can.o
    0x0800135e   0x0800135e   0x00000002   PAD
    0x08001360   0x08001360   0x0000012e   Code   RO          730    .text.HAL_CAN_GetRxMessage  stm32f4xx_hal_can.o
    0x0800148e   0x0800148e   0x00000002   PAD
    0x08001490   0x08001490   0x00000028   Code   RO          724    .text.HAL_CAN_GetTxMailboxesFreeLevel  stm32f4xx_hal_can.o
    0x080014b8   0x080014b8   0x0000025e   Code   RO          738    .text.HAL_CAN_IRQHandler  stm32f4xx_hal_can.o
    0x08001716   0x08001716   0x00000002   PAD
    0x08001718   0x08001718   0x000000f4   Code   RO          700    .text.HAL_CAN_Init  stm32f4xx_hal_can.o
    0x0800180c   0x0800180c   0x0000011e   Code   RO           54    .text.HAL_CAN_MspInit  can.o
    0x0800192a   0x0800192a   0x00000002   PAD
    0x0800192c   0x0800192c   0x00000002   Code   RO          752    .text.HAL_CAN_RxFifo0FullCallback  stm32f4xx_hal_can.o
    0x0800192e   0x0800192e   0x00000002   PAD
    0x08001930   0x08001930   0x00000004   Code   RO           17    .text.HAL_CAN_RxFifo0MsgPendingCallback  main.o
    0x08001934   0x08001934   0x00000002   Code   RO          756    .text.HAL_CAN_RxFifo1FullCallback  stm32f4xx_hal_can.o
    0x08001936   0x08001936   0x00000002   PAD
    0x08001938   0x08001938   0x00000002   Code   RO          758    .text.HAL_CAN_RxFifo1MsgPendingCallback  stm32f4xx_hal_can.o
    0x0800193a   0x0800193a   0x00000002   PAD
    0x0800193c   0x0800193c   0x00000002   Code   RO          760    .text.HAL_CAN_SleepCallback  stm32f4xx_hal_can.o
    0x0800193e   0x0800193e   0x00000002   PAD
    0x08001940   0x08001940   0x0000005a   Code   RO          712    .text.HAL_CAN_Start  stm32f4xx_hal_can.o
    0x0800199a   0x0800199a   0x00000002   PAD
    0x0800199c   0x0800199c   0x00000002   Code   RO          742    .text.HAL_CAN_TxMailbox0AbortCallback  stm32f4xx_hal_can.o
    0x0800199e   0x0800199e   0x00000002   PAD
    0x080019a0   0x080019a0   0x00000002   Code   RO          740    .text.HAL_CAN_TxMailbox0CompleteCallback  stm32f4xx_hal_can.o
    0x080019a2   0x080019a2   0x00000002   PAD
    0x080019a4   0x080019a4   0x00000002   Code   RO          746    .text.HAL_CAN_TxMailbox1AbortCallback  stm32f4xx_hal_can.o
    0x080019a6   0x080019a6   0x00000002   PAD
    0x080019a8   0x080019a8   0x00000002   Code   RO          744    .text.HAL_CAN_TxMailbox1CompleteCallback  stm32f4xx_hal_can.o
    0x080019aa   0x080019aa   0x00000002   PAD
    0x080019ac   0x080019ac   0x00000002   Code   RO          750    .text.HAL_CAN_TxMailbox2AbortCallback  stm32f4xx_hal_can.o
    0x080019ae   0x080019ae   0x00000002   PAD
    0x080019b0   0x080019b0   0x00000002   Code   RO          748    .text.HAL_CAN_TxMailbox2CompleteCallback  stm32f4xx_hal_can.o
    0x080019b2   0x080019b2   0x00000002   PAD
    0x080019b4   0x080019b4   0x00000002   Code   RO          762    .text.HAL_CAN_WakeUpFromRxMsgCallback  stm32f4xx_hal_can.o
    0x080019b6   0x080019b6   0x00000002   PAD
    0x080019b8   0x080019b8   0x00000028   Code   RO          630    .text.HAL_Delay     stm32f4xx_hal.o
    0x080019e0   0x080019e0   0x00000002   Code   RO          431    .text.HAL_GPIO_EXTI_Callback  stm32f4xx_hal_gpio.o
    0x080019e2   0x080019e2   0x00000002   PAD
    0x080019e4   0x080019e4   0x00000016   Code   RO          429    .text.HAL_GPIO_EXTI_IRQHandler  stm32f4xx_hal_gpio.o
    0x080019fa   0x080019fa   0x00000002   PAD
    0x080019fc   0x080019fc   0x000001aa   Code   RO          417    .text.HAL_GPIO_Init  stm32f4xx_hal_gpio.o
    0x08001ba6   0x08001ba6   0x00000002   PAD
    0x08001ba8   0x08001ba8   0x0000000a   Code   RO          421    .text.HAL_GPIO_ReadPin  stm32f4xx_hal_gpio.o
    0x08001bb2   0x08001bb2   0x00000002   PAD
    0x08001bb4   0x08001bb4   0x0000000c   Code   RO          622    .text.HAL_GetTick   stm32f4xx_hal.o
    0x08001bc0   0x08001bc0   0x00000164   Code   RO          780    .text.HAL_I2C_Init  stm32f4xx_hal_i2c.o
    0x08001d24   0x08001d24   0x00000258   Code   RO          828    .text.HAL_I2C_Mem_Read  stm32f4xx_hal_i2c.o
    0x08001f7c   0x08001f7c   0x0000015c   Code   RO          824    .text.HAL_I2C_Mem_Write  stm32f4xx_hal_i2c.o
    0x080020d8   0x080020d8   0x000000f8   Code   RO           73    .text.HAL_I2C_MspInit  i2c.o
    0x080021d0   0x080021d0   0x0000001a   Code   RO          620    .text.HAL_IncTick   stm32f4xx_hal.o
    0x080021ea   0x080021ea   0x00000002   PAD
    0x080021ec   0x080021ec   0x00000036   Code   RO          610    .text.HAL_Init      stm32f4xx_hal.o
    0x08002222   0x08002222   0x00000002   PAD
    0x08002224   0x08002224   0x00000048   Code   RO          612    .text.HAL_InitTick  stm32f4xx_hal.o
    0x0800226c   0x0800226c   0x00000038   Code   RO          141    .text.HAL_MspInit   stm32f4xx_hal_msp.o
    0x080022a4   0x080022a4   0x00000022   Code   RO          562    .text.HAL_NVIC_EnableIRQ  stm32f4xx_hal_cortex.o
    0x080022c6   0x080022c6   0x00000002   PAD
    0x080022c8   0x080022c8   0x00000056   Code   RO          560    .text.HAL_NVIC_SetPriority  stm32f4xx_hal_cortex.o
    0x0800231e   0x0800231e   0x00000002   PAD
    0x08002320   0x08002320   0x00000020   Code   RO          558    .text.HAL_NVIC_SetPriorityGrouping  stm32f4xx_hal_cortex.o
    0x08002340   0x08002340   0x00000164   Code   RO          283    .text.HAL_RCC_ClockConfig  stm32f4xx_hal_rcc.o
    0x080024a4   0x080024a4   0x00000026   Code   RO          295    .text.HAL_RCC_GetPCLK1Freq  stm32f4xx_hal_rcc.o
    0x080024ca   0x080024ca   0x00000002   PAD
    0x080024cc   0x080024cc   0x00000070   Code   RO          285    .text.HAL_RCC_GetSysClockFreq  stm32f4xx_hal_rcc.o
    0x0800253c   0x0800253c   0x000003c4   Code   RO          329    .text.HAL_RCC_OscConfig  stm32f4xx_hal_rcc_ex.o
    0x08002900   0x08002900   0x0000002c   Code   RO          570    .text.HAL_SYSTICK_Config  stm32f4xx_hal_cortex.o
    0x0800292c   0x0800292c   0x00000002   Code   RO         1235    .text.HAL_TIMEx_BreakCallback  stm32f4xx_hal_tim_ex.o
    0x0800292e   0x0800292e   0x00000002   PAD
    0x08002930   0x08002930   0x00000002   Code   RO         1231    .text.HAL_TIMEx_CommutCallback  stm32f4xx_hal_tim_ex.o
    0x08002932   0x08002932   0x00000002   PAD
    0x08002934   0x08002934   0x0000004c   Code   RO         1227    .text.HAL_TIMEx_ConfigBreakDeadTime  stm32f4xx_hal_tim_ex.o
    0x08002980   0x08002980   0x000000ba   Code   RO         1225    .text.HAL_TIMEx_MasterConfigSynchronization  stm32f4xx_hal_tim_ex.o
    0x08002a3a   0x08002a3a   0x00000002   PAD
    0x08002a3c   0x08002a3c   0x000000fe   Code   RO         1195    .text.HAL_TIMEx_PWMN_Start  stm32f4xx_hal_tim_ex.o
    0x08002b3a   0x08002b3a   0x00000002   PAD
    0x08002b3c   0x08002b3c   0x00000092   Code   RO         1197    .text.HAL_TIMEx_PWMN_Stop  stm32f4xx_hal_tim_ex.o
    0x08002bce   0x08002bce   0x00000002   PAD
    0x08002bd0   0x08002bd0   0x0000005a   Code   RO          930    .text.HAL_TIM_Base_Init  stm32f4xx_hal_tim.o
    0x08002c2a   0x08002c2a   0x00000002   PAD
    0x08002c2c   0x08002c2c   0x00000046   Code   RO           91    .text.HAL_TIM_Base_MspInit  tim.o
    0x08002c72   0x08002c72   0x00000002   PAD
    0x08002c74   0x08002c74   0x000001a0   Code   RO         1110    .text.HAL_TIM_ConfigClockSource  stm32f4xx_hal_tim.o
    0x08002e14   0x08002e14   0x00000002   Code   RO         1066    .text.HAL_TIM_IC_CaptureCallback  stm32f4xx_hal_tim.o
    0x08002e16   0x08002e16   0x00000002   PAD
    0x08002e18   0x08002e18   0x0000014e   Code   RO         1064    .text.HAL_TIM_IRQHandler  stm32f4xx_hal_tim.o
    0x08002f66   0x08002f66   0x00000002   PAD
    0x08002f68   0x08002f68   0x00000002   Code   RO         1068    .text.HAL_TIM_OC_DelayElapsedCallback  stm32f4xx_hal_tim.o
    0x08002f6a   0x08002f6a   0x00000002   PAD
    0x08002f6c   0x08002f6c   0x00000220   Code   RO         1084    .text.HAL_TIM_PWM_ConfigChannel  stm32f4xx_hal_tim.o
    0x0800318c   0x0800318c   0x0000005a   Code   RO          984    .text.HAL_TIM_PWM_Init  stm32f4xx_hal_tim.o
    0x080031e6   0x080031e6   0x00000002   PAD
    0x080031e8   0x080031e8   0x00000002   Code   RO          986    .text.HAL_TIM_PWM_MspInit  stm32f4xx_hal_tim.o
    0x080031ea   0x080031ea   0x00000002   PAD
    0x080031ec   0x080031ec   0x00000002   Code   RO         1070    .text.HAL_TIM_PWM_PulseFinishedCallback  stm32f4xx_hal_tim.o
    0x080031ee   0x080031ee   0x00000002   PAD
    0x080031f0   0x080031f0   0x0000010e   Code   RO          992    .text.HAL_TIM_PWM_Start  stm32f4xx_hal_tim.o
    0x080032fe   0x080032fe   0x00000002   PAD
    0x08003300   0x08003300   0x000000aa   Code   RO          994    .text.HAL_TIM_PWM_Stop  stm32f4xx_hal_tim.o
    0x080033aa   0x080033aa   0x00000002   PAD
    0x080033ac   0x080033ac   0x00000002   Code   RO         1072    .text.HAL_TIM_PeriodElapsedCallback  stm32f4xx_hal_tim.o
    0x080033ae   0x080033ae   0x00000002   PAD
    0x080033b0   0x080033b0   0x00000002   Code   RO         1074    .text.HAL_TIM_TriggerCallback  stm32f4xx_hal_tim.o
    0x080033b2   0x080033b2   0x00000002   PAD
    0x080033b4   0x080033b4   0x00000012   Code   RO         1320    .text.Hall_IsValid  hall_sensor.o
    0x080033c6   0x080033c6   0x00000002   PAD
    0x080033c8   0x080033c8   0x0000003e   Code   RO         1318    .text.Hall_Read     hall_sensor.o
    0x08003406   0x08003406   0x00000002   PAD
    0x08003408   0x08003408   0x00000002   Code   RO          106    .text.HardFault_Handler  stm32f4xx_it.o
    0x0800340a   0x0800340a   0x00000002   PAD
    0x0800340c   0x0800340c   0x00000112   Code   RO          830    .text.I2C_RequestMemoryRead  stm32f4xx_hal_i2c.o
    0x0800351e   0x0800351e   0x00000002   PAD
    0x08003520   0x08003520   0x000000c8   Code   RO          826    .text.I2C_RequestMemoryWrite  stm32f4xx_hal_i2c.o
    0x080035e8   0x080035e8   0x000000ba   Code   RO          794    .text.I2C_WaitOnBTFFlagUntilTimeout  stm32f4xx_hal_i2c.o
    0x080036a2   0x080036a2   0x00000002   PAD
    0x080036a4   0x080036a4   0x000001ca   Code   RO          790    .text.I2C_WaitOnFlagUntilTimeout  stm32f4xx_hal_i2c.o
    0x0800386e   0x0800386e   0x00000002   PAD
    0x08003870   0x08003870   0x000000d6   Code   RO          908    .text.I2C_WaitOnMasterAddressFlagUntilTimeout  stm32f4xx_hal_i2c.o
    0x08003946   0x08003946   0x00000002   PAD
    0x08003948   0x08003948   0x00000090   Code   RO          798    .text.I2C_WaitOnRXNEFlagUntilTimeout  stm32f4xx_hal_i2c.o
    0x080039d8   0x080039d8   0x000000ba   Code   RO          792    .text.I2C_WaitOnTXEFlagUntilTimeout  stm32f4xx_hal_i2c.o
    0x08003a92   0x08003a92   0x00000002   PAD
    0x08003a94   0x08003a94   0x00000088   Code   RO         1330    .text.INA226_Init   ina226.o
    0x08003b1c   0x08003b1c   0x00000150   Code   RO         1340    .text.INA226_ReadAll  ina226.o
    0x08003c6c   0x08003c6c   0x0000006c   Code   RO           35    .text.MX_ADC1_Init  adc.o
    0x08003cd8   0x08003cd8   0x00000040   Code   RO           50    .text.MX_CAN1_Init  can.o
    0x08003d18   0x08003d18   0x00000040   Code   RO           52    .text.MX_CAN2_Init  can.o
    0x08003d58   0x08003d58   0x000000a2   Code   RO           27    .text.MX_GPIO_Init  gpio.o
    0x08003dfa   0x08003dfa   0x00000002   PAD
    0x08003dfc   0x08003dfc   0x00000042   Code   RO           69    .text.MX_I2C1_Init  i2c.o
    0x08003e3e   0x08003e3e   0x00000002   PAD
    0x08003e40   0x08003e40   0x00000042   Code   RO           71    .text.MX_I2C2_Init  i2c.o
    0x08003e82   0x08003e82   0x00000002   PAD
    0x08003e84   0x08003e84   0x000001b4   Code   RO           87    .text.MX_TIM1_Init  tim.o
    0x08004038   0x08004038   0x00000002   Code   RO          108    .text.MemManage_Handler  stm32f4xx_it.o
    0x0800403a   0x0800403a   0x00000002   PAD
    0x0800403c   0x0800403c   0x0000000c   Code   RO          157    .text.MotorApp_12KHz_ISR  motor_app.o
    0x08004048   0x08004048   0x00000032   Code   RO          161    .text.MotorApp_CAN_RxCallback  motor_app.o
    0x0800407a   0x0800407a   0x00000002   PAD
    0x0800407c   0x0800407c   0x000000f0   Code   RO          155    .text.MotorApp_FaultCheck  motor_app.o
    0x0800416c   0x0800416c   0x00000046   Code   RO          159    .text.MotorApp_Hall_EXTI_Callback  motor_app.o
    0x080041b2   0x080041b2   0x00000002   PAD
    0x080041b4   0x080041b4   0x000000b0   Code   RO          149    .text.MotorApp_Init  motor_app.o
    0x08004264   0x08004264   0x00000128   Code   RO          151    .text.MotorApp_Loop  motor_app.o
    0x0800438c   0x0800438c   0x0000014c   Code   RO          153    .text.MotorApp_ProcessCANCommand  motor_app.o
    0x080044d8   0x080044d8   0x00000002   Code   RO          104    .text.NMI_Handler   stm32f4xx_it.o
    0x080044da   0x080044da   0x00000002   PAD
    0x080044dc   0x080044dc   0x00000120   Code   RO         1360    .text.NTC_ReadAll   ntc_temp.o
    0x080045fc   0x080045fc   0x0000001c   Code   RO         1362    .text.NTC_ReadTemperature  ntc_temp.o
    0x08004618   0x08004618   0x00000002   Code   RO          118    .text.PendSV_Handler  stm32f4xx_it.o
    0x0800461a   0x0800461a   0x00000002   PAD
    0x0800461c   0x0800461c   0x00000002   Code   RO          114    .text.SVC_Handler   stm32f4xx_it.o
    0x0800461e   0x0800461e   0x00000002   PAD
    0x08004620   0x08004620   0x00000004   Code   RO          120    .text.SysTick_Handler  stm32f4xx_it.o
    0x08004624   0x08004624   0x000000a8   Code   RO           13    .text.SystemClock_Config  main.o
    0x080046cc   0x080046cc   0x00000012   Code   RO         1249    .text.SystemInit    system_stm32f4xx.o
    0x080046de   0x080046de   0x00000002   PAD
    0x080046e0   0x080046e0   0x00000016   Code   RO          130    .text.TIM1_UP_TIM10_IRQHandler  stm32f4xx_it.o
    0x080046f6   0x080046f6   0x00000002   PAD
    0x080046f8   0x080046f8   0x0000013a   Code   RO          934    .text.TIM_Base_SetConfig  stm32f4xx_hal_tim.o
    0x08004832   0x08004832   0x00000002   PAD
    0x08004834   0x08004834   0x00000002   Code   RO          112    .text.UsageFault_Handler  stm32f4xx_it.o
    0x08004836   0x08004836   0x00000002   PAD
    0x08004838   0x08004838   0x0000002e   Code   RO           11    .text.main          main.o
    0x08004866   0x08004866   0x00000002   PAD
    0x08004868   0x08004868   0x0000016c   Code   RO         1409    i.__hardfp_logf     m_wm.l(logf.o)
    0x080049d4   0x080049d4   0x00000014   Code   RO         1426    i.__mathlib_flt_divzero  m_wm.l(funder.o)
    0x080049e8   0x080049e8   0x00000006   Code   RO         1427    i.__mathlib_flt_infnan  m_wm.l(funder.o)
    0x080049ee   0x080049ee   0x00000002   PAD
    0x080049f0   0x080049f0   0x00000010   Code   RO         1429    i.__mathlib_flt_invalid  m_wm.l(funder.o)
    0x08004a00   0x08004a00   0x0000001a   Code   RO         1551    x$fpl$fpinit        fz_wm.l(fpinit.o)
    0x08004a1a   0x08004a1a   0x00000000   Code   RO         1425    x$fpl$usenofp       fz_wm.l(usenofp.o)
    0x08004a1a   0x08004a1a   0x00000002   PAD
    0x08004a1c   0x08004a1c   0x00000040   Data   RO         1412    .constdata          m_wm.l(logf.o)
    0x08004a5c   0x08004a5c   0x00000010   Data   RO         1254    .rodata.AHBPrescTable  system_stm32f4xx.o
    0x08004a6c   0x08004a6c   0x00000008   Data   RO         1255    .rodata.APBPrescTable  system_stm32f4xx.o
    0x08004a74   0x08004a74   0x00000008   Data   RO         1287    .rodata.comm_table_ccw  bldc.o
    0x08004a7c   0x08004a7c   0x00000008   Data   RO         1286    .rodata.comm_table_cw  bldc.o
    0x08004a84   0x08004a84   0x00000020   Data   RO         1612    Region$$Table       anon$$obj.o


    Execution Region RW_IRAM1 (Exec base: 0x20000000, Load base: 0x08004aa8, Size: 0x00000988, Max: 0x00040000, ABSOLUTE)

    Exec Addr    Load Addr    Size         Type   Attr      Idx    E Section Name        Object

    0x20000000   0x08004aa8   0x00000008   Data   RW          665    .data..L_MergedGlobals  stm32f4xx_hal.o
    0x20000008   0x08004ab0   0x00000004   Data   RW         1253    .data.SystemCoreClock  system_stm32f4xx.o
    0x2000000c   0x08004ab4   0x00000004   PAD
    0x20000010        -       0x00000060   Zero   RW         1463    .bss                c_w.l(libspace.o)
    0x20000070        -       0x00000004   Zero   RW           60    .bss.HAL_RCC_CAN1_CLK_ENABLED  can.o
    0x20000074        -       0x00000140   Zero   RW          165    .bss.g_app          motor_app.o
    0x200001b4        -       0x00000044   Zero   RW          176    .bss.g_dbg          debug_monitor.o
    0x200001f8        -       0x00000048   Zero   RW           41    .bss.hadc1          adc.o
    0x20000240        -       0x00000028   Zero   RW           58    .bss.hcan1          can.o
    0x20000268        -       0x00000028   Zero   RW           59    .bss.hcan2          can.o
    0x20000290        -       0x00000054   Zero   RW           77    .bss.hi2c1          i2c.o
    0x200002e4        -       0x00000054   Zero   RW           78    .bss.hi2c2          i2c.o
    0x20000338        -       0x00000048   Zero   RW           95    .bss.htim1          tim.o
    0x20000380        -       0x00000004   Zero   RW          664    .bss.uwTick         stm32f4xx_hal.o
    0x20000384   0x08004ab4   0x00000004   PAD
    0x20000388        -       0x00000200   Zero   RW            2    HEAP                startup_stm32f412cx.o
    0x20000588        -       0x00000400   Zero   RW            1    STACK               startup_stm32f412cx.o


==============================================================================

Image component sizes


      Code (inc. data)   RO Data    RW Data    ZI Data      Debug   Object Name

       216          0          0          0         72       5184   adc.o
       326         12          0          0          0       4869   as5600.o
       698          8         16          0          0       8199   bldc.o
       414          0          0          0         84       6802   can.o
       652          0          0          0          0       8673   can_comm.o
       148          0          0          0         68       1485   debug_monitor.o
       162          0          0          0          0       3793   gpio.o
        80          0          0          0          0       1416   hall_sensor.o
       380          0          0          0        168       5553   i2c.o
       472         20          0          0          0       6031   ina226.o
       224          0          0          0          0       4795   main.o
      1176         16          0          0        320       7869   motor_app.o
       316         40          0          0          0       3525   ntc_temp.o
        64         26        452          0       1536        848   startup_stm32f412cx.o
       204          0          0          8          4       7258   stm32f4xx_hal.o
      1244          0          0          0          0      12112   stm32f4xx_hal_adc.o
      1738          6          0          0          0      14057   stm32f4xx_hal_can.o
       196          0          0          0          0      10656   stm32f4xx_hal_cortex.o
       460          0          0          0          0       5470   stm32f4xx_hal_gpio.o
      2966          0          0          0          0      44621   stm32f4xx_hal_i2c.o
        56          0          0          0          0       1483   stm32f4xx_hal_msp.o
       506          4          0          0          0       7691   stm32f4xx_hal_rcc.o
       964          0          0          0          0       7858   stm32f4xx_hal_rcc_ex.o
      2240          6          0          0          0      58493   stm32f4xx_hal_tim.o
       666          0          0          0          0      21940   stm32f4xx_hal_tim_ex.o
       148          0          0          0          0       4822   stm32f4xx_it.o
        18          0         24          4          0       2625   system_stm32f4xx.o
       506          0          0          0         72       9093   tim.o

    ----------------------------------------------------------------------
     17408        138        524         12       2332     277221   Object Totals
         0          0         32          0          0          0   (incl. Generated)
       168          0          0          0          8          0   (incl. Padding)

    ----------------------------------------------------------------------

      Code (inc. data)   RO Data    RW Data    ZI Data      Debug   Library Member Name

         8          0          0          0          0         68   __main.o
         0          0          0          0          0          0   __rtentry.o
        12          0          0          0          0          0   __rtentry2.o
         6          0          0          0          0          0   __rtentry4.o
        94          8          0          0          0          0   __scatter.o
        26          0          0          0          0          0   __scatter_copy.o
        28          0          0          0          0          0   __scatter_zi.o
        22          0          0          0          0        100   _rserrno.o
        18          0          0          0          0         80   exit.o
         6          0          0          0          0        152   heapauxi.o
         0          0          0          0          0          0   indicate_semi.o
         2          0          0          0          0          0   libinit.o
         6          0          0          0          0          0   libinit2.o
         2          0          0          0          0          0   libshutdown.o
         2          0          0          0          0          0   libshutdown2.o
         8          4          0          0         96         68   libspace.o
       240          0          0          0          0        100   lludivv7m.o
         8          4          0          0          0         68   rt_errno_addr_intlibspace.o
        78          0          0          0          0         80   rt_memclr_w.o
         2          0          0          0          0          0   rtexit.o
        10          0          0          0          0          0   rtexit2.o
        12          4          0          0          0         68   sys_exit.o
        74          0          0          0          0         80   sys_stackheap_outer.o
         2          0          0          0          0         68   use_no_semi.o
        26          0          0          0          0        116   fpinit.o
         0          0          0          0          0          0   usenofp.o
        42         12          0          0          0        348   funder.o
       364         44         64          0          0        140   logf.o

    ----------------------------------------------------------------------
      1112         76         64          0         96       1536   Library Totals
        14          0          0          0          0          0   (incl. Padding)

    ----------------------------------------------------------------------

      Code (inc. data)   RO Data    RW Data    ZI Data      Debug   Library Name

       666         20          0          0         96        932   c_w.l
        26          0          0          0          0        116   fz_wm.l
       406         56         64          0          0        488   m_wm.l

    ----------------------------------------------------------------------
      1112         76         64          0         96       1536   Library Totals

    ----------------------------------------------------------------------

==============================================================================


      Code (inc. data)   RO Data    RW Data    ZI Data      Debug   

     18520        214        588         12       2428     277641   Grand Totals
     18520        214        588         12       2428     277641   ELF Image Totals
     18520        214        588         12          0          0   ROM Totals

==============================================================================

    Total RO  Size (Code + RO Data)                19108 (  18.66kB)
    Total RW  Size (RW Data + ZI Data)              2440 (   2.38kB)
    Total ROM Size (Code + RO Data + RW Data)      19120 (  18.67kB)

==============================================================================

